###############################################################################
#
# IAR ELF Linker V7.50.2.10312/W32 for ARM                23/Feb/2019  16:37:07
# Copyright 2007-2015 IAR Systems AB.
#
#    Output file  =  
#        D:\work\_NordicPRJ_00\IAR_prj\UsbLeBridge\_build\ble_app_hrs_rscs_relay_pca10056_s140.out
#    Map file     =  
#        D:\work\_NordicPRJ_00\IAR_prj\UsbLeBridge\_build\ble_app_hrs_rscs_relay_pca10056_s140.map
#    Command line =  
#        D:\work\_NordicPRJ_00\IAR_prj\UsbLeBridge\_build\app_button.o
#        D:\work\_NordicPRJ_00\IAR_prj\UsbLeBridge\_build\app_error.o
#        D:\work\_NordicPRJ_00\IAR_prj\UsbLeBridge\_build\app_error_handler_iar.o
#        D:\work\_NordicPRJ_00\IAR_prj\UsbLeBridge\_build\app_error_weak.o
#        D:\work\_NordicPRJ_00\IAR_prj\UsbLeBridge\_build\app_fifo.o
#        D:\work\_NordicPRJ_00\IAR_prj\UsbLeBridge\_build\app_scheduler.o
#        D:\work\_NordicPRJ_00\IAR_prj\UsbLeBridge\_build\app_timer.o
#        D:\work\_NordicPRJ_00\IAR_prj\UsbLeBridge\_build\app_usbd.o
#        D:\work\_NordicPRJ_00\IAR_prj\UsbLeBridge\_build\app_usbd_cdc_acm.o
#        D:\work\_NordicPRJ_00\IAR_prj\UsbLeBridge\_build\app_usbd_core.o
#        D:\work\_NordicPRJ_00\IAR_prj\UsbLeBridge\_build\app_usbd_serial_num.o
#        D:\work\_NordicPRJ_00\IAR_prj\UsbLeBridge\_build\app_usbd_string_desc.o
#        D:\work\_NordicPRJ_00\IAR_prj\UsbLeBridge\_build\app_util_platform.o
#        D:\work\_NordicPRJ_00\IAR_prj\UsbLeBridge\_build\auth_status_tracker.o
#        D:\work\_NordicPRJ_00\IAR_prj\UsbLeBridge\_build\bit_operations.o
#        D:\work\_NordicPRJ_00\IAR_prj\UsbLeBridge\_build\ble_advdata.o
#        D:\work\_NordicPRJ_00\IAR_prj\UsbLeBridge\_build\ble_advertising.o
#        D:\work\_NordicPRJ_00\IAR_prj\UsbLeBridge\_build\ble_conn_params.o
#        D:\work\_NordicPRJ_00\IAR_prj\UsbLeBridge\_build\ble_conn_state.o
#        D:\work\_NordicPRJ_00\IAR_prj\UsbLeBridge\_build\ble_db_discovery.o
#        D:\work\_NordicPRJ_00\IAR_prj\UsbLeBridge\_build\ble_hrs.o
#        D:\work\_NordicPRJ_00\IAR_prj\UsbLeBridge\_build\ble_hrs_c.o
#        D:\work\_NordicPRJ_00\IAR_prj\UsbLeBridge\_build\ble_link_ctx_manager.o
#        D:\work\_NordicPRJ_00\IAR_prj\UsbLeBridge\_build\ble_rscs.o
#        D:\work\_NordicPRJ_00\IAR_prj\UsbLeBridge\_build\ble_rscs_c.o
#        D:\work\_NordicPRJ_00\IAR_prj\UsbLeBridge\_build\ble_srv_common.o
#        D:\work\_NordicPRJ_00\IAR_prj\UsbLeBridge\_build\boards.o
#        D:\work\_NordicPRJ_00\IAR_prj\UsbLeBridge\_build\bsp.o
#        D:\work\_NordicPRJ_00\IAR_prj\UsbLeBridge\_build\bsp_btn_ble.o
#        D:\work\_NordicPRJ_00\IAR_prj\UsbLeBridge\_build\compressor.o
#        D:\work\_NordicPRJ_00\IAR_prj\UsbLeBridge\_build\crc16.o
#        D:\work\_NordicPRJ_00\IAR_prj\UsbLeBridge\_build\crc16_ccitt.o
#        D:\work\_NordicPRJ_00\IAR_prj\UsbLeBridge\_build\fds.o
#        D:\work\_NordicPRJ_00\IAR_prj\UsbLeBridge\_build\flash_mem.o
#        D:\work\_NordicPRJ_00\IAR_prj\UsbLeBridge\_build\gatt_cache_manager.o
#        D:\work\_NordicPRJ_00\IAR_prj\UsbLeBridge\_build\gatts_cache_manager.o
#        D:\work\_NordicPRJ_00\IAR_prj\UsbLeBridge\_build\hardfault_implementation.o
#        D:\work\_NordicPRJ_00\IAR_prj\UsbLeBridge\_build\iar_startup_nrf52840.o
#        D:\work\_NordicPRJ_00\IAR_prj\UsbLeBridge\_build\id_manager.o
#        D:\work\_NordicPRJ_00\IAR_prj\UsbLeBridge\_build\main.o
#        D:\work\_NordicPRJ_00\IAR_prj\UsbLeBridge\_build\net_level.o
#        D:\work\_NordicPRJ_00\IAR_prj\UsbLeBridge\_build\nrf_assert.o
#        D:\work\_NordicPRJ_00\IAR_prj\UsbLeBridge\_build\nrf_atfifo.o
#        D:\work\_NordicPRJ_00\IAR_prj\UsbLeBridge\_build\nrf_atflags.o
#        D:\work\_NordicPRJ_00\IAR_prj\UsbLeBridge\_build\nrf_atomic.o
#        D:\work\_NordicPRJ_00\IAR_prj\UsbLeBridge\_build\nrf_balloc.o
#        D:\work\_NordicPRJ_00\IAR_prj\UsbLeBridge\_build\nrf_ble_gatt.o
#        D:\work\_NordicPRJ_00\IAR_prj\UsbLeBridge\_build\nrf_ble_qwr.o
#        D:\work\_NordicPRJ_00\IAR_prj\UsbLeBridge\_build\nrf_ble_scan.o
#        D:\work\_NordicPRJ_00\IAR_prj\UsbLeBridge\_build\nrf_drv_clock.o
#        D:\work\_NordicPRJ_00\IAR_prj\UsbLeBridge\_build\nrf_drv_power.o
#        D:\work\_NordicPRJ_00\IAR_prj\UsbLeBridge\_build\nrf_drv_uart.o
#        D:\work\_NordicPRJ_00\IAR_prj\UsbLeBridge\_build\nrf_drv_usbd.o
#        D:\work\_NordicPRJ_00\IAR_prj\UsbLeBridge\_build\nrf_fprintf.o
#        D:\work\_NordicPRJ_00\IAR_prj\UsbLeBridge\_build\nrf_fprintf_format.o
#        D:\work\_NordicPRJ_00\IAR_prj\UsbLeBridge\_build\nrf_fstorage.o
#        D:\work\_NordicPRJ_00\IAR_prj\UsbLeBridge\_build\nrf_fstorage_sd.o
#        D:\work\_NordicPRJ_00\IAR_prj\UsbLeBridge\_build\nrf_log_backend_rtt.o
#        D:\work\_NordicPRJ_00\IAR_prj\UsbLeBridge\_build\nrf_log_backend_serial.o
#        D:\work\_NordicPRJ_00\IAR_prj\UsbLeBridge\_build\nrf_log_backend_uart.o
#        D:\work\_NordicPRJ_00\IAR_prj\UsbLeBridge\_build\nrf_log_default_backends.o
#        D:\work\_NordicPRJ_00\IAR_prj\UsbLeBridge\_build\nrf_log_frontend.o
#        D:\work\_NordicPRJ_00\IAR_prj\UsbLeBridge\_build\nrf_log_str_formatter.o
#        D:\work\_NordicPRJ_00\IAR_prj\UsbLeBridge\_build\nrf_memobj.o
#        D:\work\_NordicPRJ_00\IAR_prj\UsbLeBridge\_build\nrf_pwr_mgmt.o
#        D:\work\_NordicPRJ_00\IAR_prj\UsbLeBridge\_build\nrf_ringbuf.o
#        D:\work\_NordicPRJ_00\IAR_prj\UsbLeBridge\_build\nrf_sdh.o
#        D:\work\_NordicPRJ_00\IAR_prj\UsbLeBridge\_build\nrf_sdh_ble.o
#        D:\work\_NordicPRJ_00\IAR_prj\UsbLeBridge\_build\nrf_sdh_soc.o
#        D:\work\_NordicPRJ_00\IAR_prj\UsbLeBridge\_build\nrf_section_iter.o
#        D:\work\_NordicPRJ_00\IAR_prj\UsbLeBridge\_build\nrf_strerror.o
#        D:\work\_NordicPRJ_00\IAR_prj\UsbLeBridge\_build\nrfx_clock.o
#        D:\work\_NordicPRJ_00\IAR_prj\UsbLeBridge\_build\nrfx_gpiote.o
#        D:\work\_NordicPRJ_00\IAR_prj\UsbLeBridge\_build\nrfx_power.o
#        D:\work\_NordicPRJ_00\IAR_prj\UsbLeBridge\_build\nrfx_power_clock.o
#        D:\work\_NordicPRJ_00\IAR_prj\UsbLeBridge\_build\nrfx_prs.o
#        D:\work\_NordicPRJ_00\IAR_prj\UsbLeBridge\_build\nrfx_uart.o
#        D:\work\_NordicPRJ_00\IAR_prj\UsbLeBridge\_build\nrfx_uarte.o
#        D:\work\_NordicPRJ_00\IAR_prj\UsbLeBridge\_build\peer_data_storage.o
#        D:\work\_NordicPRJ_00\IAR_prj\UsbLeBridge\_build\peer_database.o
#        D:\work\_NordicPRJ_00\IAR_prj\UsbLeBridge\_build\peer_id.o
#        D:\work\_NordicPRJ_00\IAR_prj\UsbLeBridge\_build\peer_manager.o
#        D:\work\_NordicPRJ_00\IAR_prj\UsbLeBridge\_build\peer_manager_handler.o
#        D:\work\_NordicPRJ_00\IAR_prj\UsbLeBridge\_build\pm_buffer.o
#        D:\work\_NordicPRJ_00\IAR_prj\UsbLeBridge\_build\security_dispatcher.o
#        D:\work\_NordicPRJ_00\IAR_prj\UsbLeBridge\_build\security_manager.o
#        D:\work\_NordicPRJ_00\IAR_prj\UsbLeBridge\_build\SEGGER_RTT.o
#        D:\work\_NordicPRJ_00\IAR_prj\UsbLeBridge\_build\SEGGER_RTT_printf.o
#        D:\work\_NordicPRJ_00\IAR_prj\UsbLeBridge\_build\SEGGER_RTT_Syscalls_IAR.o
#        D:\work\_NordicPRJ_00\IAR_prj\UsbLeBridge\_build\system_nrf52840.o
#        D:\work\_NordicPRJ_00\IAR_prj\UsbLeBridge\_build\types_porting.o
#        D:\work\_NordicPRJ_00\IAR_prj\UsbLeBridge\_build\utf.o --redirect
#        _Printf=_PrintfFull --redirect _Scanf=_ScanfFull -o
#        D:\work\_NordicPRJ_00\IAR_prj\UsbLeBridge\_build\ble_app_hrs_rscs_relay_pca10056_s140.out
#        --map
#        D:\work\_NordicPRJ_00\IAR_prj\UsbLeBridge\_build\ble_app_hrs_rscs_relay_pca10056_s140.map
#        --config
#        D:\work\_NordicPRJ_00\IAR_prj\UsbLeBridge\ble_app_hrs_rscs_relay_iar_nRF5x.icf
#        --warnings_are_errors --semihosting --entry __iar_program_start
#        --inline --vfe
#
###############################################################################

*******************************************************************************
*** RUNTIME MODEL ATTRIBUTES
***

CppFlavor                     = *
__Heap_Handler                = Basic
__SystemLibrary               = DLib
__dlib_dynamic_initialization = normal


*******************************************************************************
*** PLACEMENT SUMMARY
***

"A1":  place at 0x00026000 { ro section .intvec };
"P1":  place in [from 0x00026000 to 0x000fffff] { ro, block RO_END };
"P2":  place in [from 0x20002d50 to 0x2003ffff] { rw, block CSTACK, block HEAP };

  Section                 Kind        Address     Size  Object
  -------                 ----        -------     ----  ------
"A1":                                            0x200
  .intvec                 ro code  0x00026000    0x200  iar_startup_nrf52840.o [1]
                                 - 0x00026200    0x200

"P1":                                          0x12499
  .text                   ro code  0x00026200   0x11b8  nrf_drv_usbd.o [1]
  .text                   ro code  0x000273b8     0x76  ABImemcpy_unaligned.o [5]
  .text                   ro code  0x0002742e     0x76  lz77_init_single.o [5]
  .text                   ro code  0x000274a4     0x68  app_util_platform.o [1]
  .text                   ro code  0x0002750c     0xe8  nrf_atomic.o [1]
  .text                   ro code  0x000275f4      0x6  ABImemclr.o [5]
  .text                   ro code  0x000275fa     0x1a  xsnprout.o [3]
  .text                   ro code  0x00027614     0x5e  ABImemset.o [5]
  .text                   ro code  0x00027672      0xa  xsprout.o [3]
  .text                   ro code  0x0002767c   0x1166  xprintffull.o [3]
  .text                   ro code  0x000287e2     0x20  xmbtowc.o [3]
  .text                   ro code  0x00028802      0x2  iar_startup_nrf52840.o [1]
  .text                   ro code  0x00028804     0x16  strchr.o [5]
  .text                   ro code  0x0002881a      0x2  iar_startup_nrf52840.o [1]
  .text                   ro code  0x0002881c     0x36  strlen.o [5]
  .text                   ro code  0x00028852      0x2  iar_startup_nrf52840.o [1]
  .text                   ro code  0x00028854     0x58  memchr.o [5]
  .text                   ro code  0x000288ac      0xa  xmbcurmax.o [3]
  .text                   ro code  0x000288b6      0x2  iar_startup_nrf52840.o [1]
  .text                   ro code  0x000288b8     0xb0  xxmemxmalloc.o [3]
  .text                   ro code  0x00028968     0x1a  xwctomb.o [3]
  .text                   ro code  0x00028982      0x2  iar_startup_nrf52840.o [1]
  .text                   ro code  0x00028984     0x80  xxmemxfree.o [3]
  .text                   ro code  0x00028a04     0xee  I64DivMod.o [5]
  .text                   ro code  0x00028af2     0x42  xdnorm.o [4]
  .text                   ro code  0x00028b34     0x2e  DblCmpLe.o [4]
  .text                   ro code  0x00028b62      0x2  iar_startup_nrf52840.o [1]
  .text                   ro code  0x00028b64     0x2e  DblCmpGe.o [4]
  .text                   ro code  0x00028b92      0x2  iar_startup_nrf52840.o [1]
  .text                   ro code  0x00028b94    0x114  xdscale.o [4]
  .text                   ro code  0x00028ca8     0x58  DblToI32.o [4]
  .text                   ro code  0x00028d00     0x30  I32ToDbl.o [4]
  .text                   ro code  0x00028d30    0x180  DblSub.o [4]
  .text                   ro code  0x00028eb0    0x1a2  DblMul.o [4]
  .text                   ro code  0x00029052      0x2  iar_startup_nrf52840.o [1]
  .text                   ro code  0x00029054    0x256  DblDiv.o [4]
  .text                   ro code  0x000292aa      0x2  iar_startup_nrf52840.o [1]
  .text                   ro code  0x000292ac     0x6c  localeconv.o [3]
  .text                   ro code  0x00029318      0xe  div.o [3]
  .text                   ro code  0x00029326      0x2  iar_startup_nrf52840.o [1]
  .text                   ro code  0x00029328     0x24  setlocale.o [3]
  .text                   ro code  0x0002934c     0x60  xencoding_sb.o [3]
  .text                   ro code  0x000293ac     0x2c  xgetmemchunk.o [3]
  .text                   ro code  0x000293d8      0x2  I64DivZer.o [5]
  .text                   ro code  0x000293da      0x2  iar_startup_nrf52840.o [1]
  .text                   ro code  0x000293dc     0xd4  DblAdd.o [4]
  .text                   ro code  0x000294b0    0xe54  main.o [1]
  .text                   ro code  0x0002a304    0x190  boards.o [1]
  .text                   ro code  0x0002a494     0x1e  app_error.o [1]
  .text                   ro code  0x0002a4b2      0x2  iar_startup_nrf52840.o [1]
  .text                   ro code  0x0002a4b4    0x4a0  nrf_ble_scan.o [1]
  .text                   ro code  0x0002a954    0x400  nrf_fstorage.o [1]
  .text                   ro code  0x0002ad54    0x8dc  peer_manager_handler.o [1]
  .text                   ro code  0x0002b630    0x5d0  nrf_log_frontend.o [1]
  .text                   ro code  0x0002bc00    0x210  ble_hrs_c.o [1]
  .text                   ro code  0x0002be10    0x740  peer_manager.o [1]
  .text                   ro code  0x0002c550    0x216  ble_hrs.o [1]
  .text                   ro code  0x0002c766      0x2  iar_startup_nrf52840.o [1]
  .text                   ro code  0x0002c768    0x228  ble_rscs_c.o [1]
  .text                   ro code  0x0002c990    0x208  ble_rscs.o [1]
  .text                   ro code  0x0002cb98    0x11c  nrf_ble_qwr.o [1]
  .text                   ro code  0x0002ccb4    0x6dc  ble_db_discovery.o [1]
  .text                   ro code  0x0002d390    0x2bc  ble_conn_state.o [1]
  .text                   ro code  0x0002d64c    0x3b4  ble_advertising.o [1]
  .text                   ro code  0x0002da00      0x6  ABImemclr4.o [5]
  .text                   ro code  0x0002da06      0x2  iar_startup_nrf52840.o [1]
  .text                   ro code  0x0002da08    0x90c  app_usbd.o [1]
  .text                   ro code  0x0002e320    0x558  app_timer.o [1]
  .text                   ro code  0x0002e878    0x9bc  app_usbd_cdc_acm.o [1]
  .text                   ro code  0x0002f234     0x34  sprintf.o [3]
  .text                   ro code  0x0002f268     0x20  nrf_log_default_backends.o [1]
  .text                   ro code  0x0002f288    0x360  bsp.o [1]
  .text                   ro code  0x0002f5e8     0xdc  bsp_btn_ble.o [1]
  .text                   ro code  0x0002f6c4     0x70  nrf_pwr_mgmt.o [1]
  .text                   ro code  0x0002f734     0x50  app_usbd_serial_num.o [1]
  .text                   ro code  0x0002f784    0x184  nrf_drv_clock.o [1]
  .text                   ro code  0x0002f908    0x22c  nrf_sdh.o [1]
  .text                   ro code  0x0002fb34    0x418  nrf_sdh_ble.o [1]
  .text                   ro code  0x0002ff4c    0x3fc  nrf_ble_gatt.o [1]
  .text                   ro code  0x00030348    0x25c  ble_conn_params.o [1]
  .text                   ro code  0x000305a4     0x88  app_error_weak.o [1]
  .text                   ro code  0x0003062c     0x42  strcmp_unaligned.o [5]
  .text                   ro code  0x0003066e    0x612  ble_advdata.o [1]
  .text                   ro code  0x00030c80    0x184  nrf_strerror.o [1]
  .text                   ro code  0x00030e04    0xc80  fds.o [1]
  .text                   ro code  0x00031a84    0x14e  nrf_memobj.o [1]
  .text                   ro code  0x00031bd2     0x12  nrf_ringbuf.o [1]
  .text                   ro code  0x00031be4    0x348  id_manager.o [1]
  .text                   ro code  0x00031f2c    0x574  peer_data_storage.o [1]
  .text                   ro code  0x000324a0    0x5d8  security_manager.o [1]
  .text                   ro code  0x00032a78    0x8b8  gatt_cache_manager.o [1]
  .text                   ro code  0x00033330    0x6a4  peer_database.o [1]
  .text                   ro code  0x000339d4    0xb70  security_dispatcher.o [1]
  .text                   ro code  0x00034544    0x360  gatts_cache_manager.o [1]
  .text                   ro code  0x000348a4    0x1c2  ble_srv_common.o [1]
  .text                   ro code  0x00034a66      0x2  iar_startup_nrf52840.o [1]
  .text                   ro code  0x00034a68     0x78  ABImemmove_unaligned.o [5]
  .text                   ro code  0x00034ae0     0xa6  nrf_atflags.o [1]
  .text                   ro code  0x00034b86      0x2  iar_startup_nrf52840.o [1]
  .text                   ro code  0x00034b88     0x3a  ABImemset48.o [5]
  .text                   ro code  0x00034bc2      0x2  iar_startup_nrf52840.o [1]
  .text                   ro code  0x00034bc4    0x148  nrf_atfifo.o [1]
  .text                   ro code  0x00034d0c    0x15c  nrf_drv_power.o [1]
  .text                   ro code  0x00034e68    0x694  app_usbd_core.o [1]
  .text                   ro code  0x000354fc     0xf0  nrf_log_backend_uart.o [1]
  .text                   ro code  0x000355ec    0x1c0  app_button.o [1]
  .text                   ro code  0x000357ac     0x46  nrf_section_iter.o [1]
  .text                   ro code  0x000357f2      0x2  iar_startup_nrf52840.o [1]
  .text                   ro code  0x000357f4     0x44  snprintf.o [3]
  .text                   ro code  0x00035838    0x120  nrfx_clock.o [1]
  .text                   ro code  0x00035958     0x62  memcmp_unaligned.o [5]
  .text                   ro code  0x000359ba     0xa2  nrf_balloc.o [1]
  .text                   ro code  0x00035a5c    0x10c  peer_id.o [1]
  .text                   ro code  0x00035b68     0xf6  pm_buffer.o [1]
  .text                   ro code  0x00035c5e      0x2  iar_startup_nrf52840.o [1]
  .text                   ro code  0x00035c60    0x124  nrfx_power.o [1]
  .text                   ro code  0x00035d84     0x70  app_usbd_string_desc.o [1]
  .text                   ro code  0x00035df4     0x90  nrf_drv_uart.o [1]
  .text                   ro code  0x00035e84    0x494  nrfx_uarte.o [1]
  .text                   ro code  0x00036318    0x550  nrfx_uart.o [1]
  .text                   ro code  0x00036868     0xe8  nrf_log_backend_serial.o [1]
  .text                   ro code  0x00036950     0x22  I64Shl.o [5]
  .text                   ro code  0x00036972      0x2  iar_startup_nrf52840.o [1]
  .text                   ro code  0x00036974    0x4fc  nrfx_gpiote.o [1]
  .text                   ro code  0x00036e70     0x58  nrfx_prs.o [1]
  .text                   ro code  0x00036ec8    0x20c  nrf_log_str_formatter.o [1]
  .text                   ro code  0x000370d4     0x3c  nrf_fprintf.o [1]
  .text                   ro code  0x00037110     0x28  isxxx.o [3]
  .text                   ro code  0x00037138    0x324  nrf_fprintf_format.o [1]
  .text                   ro code  0x0003745c     0x16  xlocale_c.o [3]
  .text                   ro code  0x00037472     0x24  xlocale_c.o [3]
  .text                   ro code  0x00037496      0x2  iar_startup_nrf52840.o [1]
  .rodata                 const    0x00037498    0x3ec  nrf_strerror.o [1]
  .text                   ro code  0x00037884    0x2e8  nrf_fstorage_sd.o [1]
  .text                   ro code  0x00037b6c    0x178  system_nrf52840.o [1]
  .rodata                 const    0x00037ce4    0x124  peer_manager_handler.o [1]
  .text                   ro code  0x00037e08     0xf8  flash_mem.o [1]
  log_const_data                   0x00037f00     0xf0  <Block>
    log_const_data        const    0x00037f00      0x8  app_usbd.o [1]
    log_const_data        const    0x00037f08      0x8  app_usbd_cdc_acm.o [1]
    log_const_data        const    0x00037f10      0x8  app_usbd_core.o [1]
    log_const_data        const    0x00037f18      0x8  ble_db_discovery.o [1]
    log_const_data        const    0x00037f20      0x8  ble_hrs_c.o [1]
    log_const_data        const    0x00037f28      0x8  ble_rscs_c.o [1]
    log_const_data        const    0x00037f30      0x8  gatt_cache_manager.o [1]
    log_const_data        const    0x00037f38      0x8  gatts_cache_manager.o [1]
    log_const_data        const    0x00037f40      0x8  id_manager.o [1]
    log_const_data        const    0x00037f48      0x8  nrf_ble_gatt.o [1]
    log_const_data        const    0x00037f50      0x8  nrf_ble_scan.o [1]
    log_const_data        const    0x00037f58      0x8  nrf_drv_clock.o [1]
    log_const_data        const    0x00037f60      0x8  nrf_drv_usbd.o [1]
    log_const_data        const    0x00037f68      0x8  nrf_fstorage.o [1]
    log_const_data        const    0x00037f70      0x8  nrf_log_frontend.o [1]
    log_const_data        const    0x00037f78      0x8  nrf_pwr_mgmt.o [1]
    log_const_data        const    0x00037f80      0x8  nrf_sdh.o [1]
    log_const_data        const    0x00037f88      0x8  nrf_sdh_ble.o [1]
    log_const_data        const    0x00037f90      0x8  nrf_sdh_soc.o [1]
    log_const_data        const    0x00037f98      0x8  nrfx_clock.o [1]
    log_const_data        const    0x00037fa0      0x8  nrfx_gpiote.o [1]
    log_const_data        const    0x00037fa8      0x8  nrfx_prs.o [1]
    log_const_data        const    0x00037fb0      0x8  nrfx_uart.o [1]
    log_const_data        const    0x00037fb8      0x8  nrfx_uarte.o [1]
    log_const_data        const    0x00037fc0      0x8  peer_data_storage.o [1]
    log_const_data        const    0x00037fc8      0x8  peer_database.o [1]
    log_const_data        const    0x00037fd0      0x8  peer_manager.o [1]
    log_const_data        const    0x00037fd8      0x8  peer_manager_handler.o [1]
    log_const_data        const    0x00037fe0      0x8  security_dispatcher.o [1]
    log_const_data        const    0x00037fe8      0x8  security_manager.o [1]
  .rodata                 const    0x00037ff0     0x64  app_usbd_string_desc.o [1]
  .rodata                 const    0x00038054     0x58  nrf_log_str_formatter.o [1]
  .text                   ro code  0x000380ac     0x44  nrf_sdh_soc.o [1]
  .text                   ro code  0x000380f0     0x40  zero_init3.o [5]
  sdh_ble_observers1               0x00038130     0x40  <Block>
    sdh_ble_observers1    const    0x00038130      0x8  ble_conn_params.o [1]
    sdh_ble_observers1    const    0x00038138      0x8  bsp_btn_ble.o [1]
    sdh_ble_observers1    const    0x00038140      0x8  main.o [1]
    sdh_ble_observers1    const    0x00038148      0x8  main.o [1]
    sdh_ble_observers1    const    0x00038150     0x10  main.o [1]
    sdh_ble_observers1    const    0x00038160      0x8  main.o [1]
    sdh_ble_observers1    const    0x00038168      0x8  peer_manager.o [1]
  .rodata                 const    0x00038170     0x38  nrf_sdh.o [1]
  .rodata                 const    0x000381a8     0x34  app_usbd_core.o [1]
  .rodata                 const    0x000381dc     0x2c  nrf_sdh_ble.o [1]
  .text                   ro code  0x00038208     0x28  data_init.o [5]
  .rodata                 const    0x00038230     0x24  nrf_pwr_mgmt.o [1]
  .text                   ro code  0x00038254     0x22  fpinit_M.o [4]
  .iar.init_table         const    0x00038278     0x30  - Linker created -
  .text                   ro code  0x000382a8      0x2  iar_startup_nrf52840.o [1]
  .rodata                 const    0x000382ac     0x20  nrf_fstorage_sd.o [1]
  .rodata                 const    0x000382cc     0x1c  app_usbd_cdc_acm.o [1]
  .rodata                 const    0x000382e8     0x1c  gatts_cache_manager.o [1]
  .rodata                 const    0x00038304     0x1c  nrf_sdh_soc.o [1]
  .text                   ro code  0x00038320     0x1a  cmain.o [5]
  .text                   ro code  0x0003833a      0x4  exit.o [3]
  .text                   ro code  0x0003833e      0x2  iar_startup_nrf52840.o [1]
  .text                   ro code  0x00038340      0xa  cexit.o [5]
  .text                   ro code  0x0003834a      0x2  iar_startup_nrf52840.o [1]
  .text                   ro code  0x0003834c     0x14  exit.o [6]
  sdh_ble_observers2               0x00038360     0x18  <Block>
    sdh_ble_observers2    const    0x00038360     0x18  main.o [1]
  sdh_soc_observers0               0x00038378     0x18  <Block>
    sdh_soc_observers0    const    0x00038378      0x8  nrf_drv_clock.o [1]
    sdh_soc_observers0    const    0x00038380      0x8  nrf_drv_power.o [1]
    sdh_soc_observers0    const    0x00038388      0x8  nrf_fstorage_sd.o [1]
  sdh_state_observers0             0x00038390     0x18  <Block>
    sdh_state_observers0  const    0x00038390      0x8  nrf_drv_clock.o [1]
    sdh_state_observers0  const    0x00038398      0x8  nrf_drv_power.o [1]
    sdh_state_observers0  const    0x000383a0      0x8  nrf_fstorage_sd.o [1]
  .rodata                 const    0x000383a8     0x14  gatt_cache_manager.o [1]
  .rodata                 const    0x000383bc     0x14  nrf_log_default_backends.o [1]
  .rodata                 const    0x000383d0     0x14  peer_data_storage.o [1]
  .rodata                 const    0x000383e4     0x14  peer_database.o [1]
  .rodata                 const    0x000383f8     0x14  security_dispatcher.o [1]
  nrf_balloc              const    0x0003840c     0x14  nrf_log_frontend.o [1]
  .rodata                 const    0x00038420     0x10  id_manager.o [1]
  .rodata                 const    0x00038430     0x10  nrf_ble_gatt.o [1]
  .rodata                 const    0x00038440     0x10  nrf_fstorage.o [1]
  .rodata                 const    0x00038450     0x10  peer_manager.o [1]
  .rodata                 const    0x00038460     0x10  security_manager.o [1]
  .text                   ro code  0x00038470     0x10  iar_startup_nrf52840.o [1]
  log_backends            const    0x00038480     0x10  nrf_log_default_backends.o [1]
  sdh_stack_observers0             0x00038490     0x10  <Block>
    sdh_stack_observers0  const    0x00038490      0x8  nrf_sdh_ble.o [1]
    sdh_stack_observers0  const    0x00038498      0x8  nrf_sdh_soc.o [1]
  .text                   ro code  0x000384a0      0xe  nrfx_power_clock.o [1]
  .text                   ro code  0x000384ae      0x2  iar_startup_nrf52840.o [1]
  .rodata                 const    0x000384b0      0xc  app_usbd.o [1]
  .rodata                 const    0x000384bc      0xc  ble_db_discovery.o [1]
  .rodata                 const    0x000384c8      0xc  ble_hrs_c.o [1]
  .rodata                 const    0x000384d4      0xc  ble_rscs_c.o [1]
  .rodata                 const    0x000384e0      0xc  nrf_ble_scan.o [1]
  .rodata                 const    0x000384ec      0xc  nrf_log_backend_uart.o [1]
  .text                   ro code  0x000384f8      0xc  cstartup_M.o [5]
  .rodata                 const    0x00038504      0x8  nrf_drv_clock.o [1]
  .rodata                 const    0x0003850c      0x8  nrf_drv_usbd.o [1]
  .rodata                 const    0x00038514      0x8  nrfx_clock.o [1]
  .rodata                 const    0x0003851c      0x8  nrfx_gpiote.o [1]
  .rodata                 const    0x00038524      0x8  nrfx_uart.o [1]
  .rodata                 const    0x0003852c      0x8  nrfx_uarte.o [1]
  sdh_ble_observers0               0x00038534      0x8  <Block>
    sdh_ble_observers0    const    0x00038534      0x8  ble_conn_state.o [1]
  sdh_ble_observers3               0x0003853c      0x8  <Block>
    sdh_ble_observers3    const    0x0003853c      0x8  main.o [1]
  sdh_req_observers0               0x00038544      0x8  <Block>
    sdh_req_observers0    const    0x00038544      0x8  nrf_fstorage_sd.o [1]
  sdh_soc_observers1               0x0003854c      0x8  <Block>
    sdh_soc_observers1    const    0x0003854c      0x8  main.o [1]
  .rodata                 const    0x00038554      0x4  nrf_log_frontend.o [1]
  .rodata                 const    0x00038558      0x4  nrfx_prs.o [1]
  .text                   ro code  0x0003855c      0x2  iar_startup_nrf52840.o [1]
  .text                   ro code  0x0003855e      0x2  iar_startup_nrf52840.o [1]
  .text                   ro code  0x00038560      0x2  iar_startup_nrf52840.o [1]
  .text                   ro code  0x00038562      0x2  iar_startup_nrf52840.o [1]
  .text                   ro code  0x00038564      0x2  iar_startup_nrf52840.o [1]
  .text                   ro code  0x00038566      0x2  iar_startup_nrf52840.o [1]
  .text                   ro code  0x00038568      0x2  iar_startup_nrf52840.o [1]
  .text                   ro code  0x0003856a      0x2  iar_startup_nrf52840.o [1]
  .text                   ro code  0x0003856c      0x2  iar_startup_nrf52840.o [1]
  .text                   ro code  0x0003856e      0x2  iar_startup_nrf52840.o [1]
  .text                   ro code  0x00038570      0x2  iar_startup_nrf52840.o [1]
  .text                   ro code  0x00038572      0x2  iar_startup_nrf52840.o [1]
  .text                   ro code  0x00038574      0x2  iar_startup_nrf52840.o [1]
  .text                   ro code  0x00038576      0x2  iar_startup_nrf52840.o [1]
  .text                   ro code  0x00038578      0x2  iar_startup_nrf52840.o [1]
  .text                   ro code  0x0003857a      0x2  iar_startup_nrf52840.o [1]
  .text                   ro code  0x0003857c      0x2  iar_startup_nrf52840.o [1]
  .text                   ro code  0x0003857e      0x2  iar_startup_nrf52840.o [1]
  .text                   ro code  0x00038580      0x2  iar_startup_nrf52840.o [1]
  .text                   ro code  0x00038582      0x2  iar_startup_nrf52840.o [1]
  .rodata                 const    0x00038584      0x0  zero_init3.o [5]
  .rodata                 const    0x00038584      0x0  lz77_init_single.o [5]
  Initializer bytes       const    0x00038584     0xfe  <for P2-1>
  Initializer bytes       const    0x00038682     0x17  <for fs_data-1>
                                 - 0x00038699  0x12499

"P2", part 1 of 3:                               0xec4
  P2-1                             0x20002d50    0xe9a  <Init block>
    .data                 inited   0x20002d50    0x1d8  app_usbd.o [1]
    .data                 inited   0x20002f28     0x18  app_usbd_string_desc.o [1]
    .data                 inited   0x20002f40    0xa50  main.o [1]
    .data                 inited   0x20003990     0x44  main.o [1]
    .data                 inited   0x200039d4     0x18  nrf_log_backend_uart.o [1]
    .data                 inited   0x200039ec      0x8  nrf_log_default_backends.o [1]
    .data                 inited   0x200039f4     0x38  nrf_log_str_formatter.o [1]
    .data                 inited   0x20003a2c     0x48  peer_manager_handler.o [1]
    .data                 inited   0x20003a74     0x18  peer_manager_handler.o [1]
    .data                 inited   0x20003a8c     0x44  security_dispatcher.o [1]
    .data                 inited   0x20003ad0     0x14  security_manager.o [1]
    .data                 inited   0x20003ae4      0x4  system_nrf52840.o [1]
    __DLIB_PERTHREAD      inited   0x20003ae8     0x74  setlocale.o [3]
    __DLIB_PERTHREAD      inited   0x20003b5c     0x88  localeconv.o [3]
    .data                 inited   0x20003be4      0x4  main.o [1]
    .data                 inited   0x20003be8      0x1  main.o [1]
    .data                 inited   0x20003be9      0x1  main.o [1]
  fs_data                          0x20003bec     0x28  <Block>
    fs_data-1                      0x20003bec     0x28  <Init block>
      fs_data             inited   0x20003bec     0x14  fds.o [1]
      fs_data             inited   0x20003c00     0x14  flash_mem.o [1]
                                 - 0x20003c14    0xec4

"P2", part 2 of 3:                              0x4000
  CSTACK                           0x20003c18   0x2000  <Block>
    CSTACK                uninit   0x20003c18   0x2000  <Block tail>
  HEAP                             0x20005c18   0x2000  <Block>
    HEAP                  uninit   0x20005c18   0x2000  <Block tail>
                                 - 0x20007c18   0x4000

"P2", part 3 of 3:                              0x1e78
  .bss                    zero     0x20007c18    0x604  main.o [1]
  .bss                    zero     0x2000821c    0x424  nrf_log_frontend.o [1]
  .bss                    zero     0x20008640    0x300  ble_db_discovery.o [1]
  .bss                    zero     0x20008940    0x200  main.o [1]
  .bss                    zero     0x20008b40    0x184  peer_database.o [1]
  .bss                    zero     0x20008cc4    0x120  nrf_drv_usbd.o [1]
  .bss                    zero     0x20008de4    0x10c  app_timer.o [1]
  .bss                    zero     0x20008ef0     0xec  nrf_drv_usbd.o [1]
  .bss                    zero     0x20008fdc     0xd4  fds.o [1]
  .bss                    zero     0x200090b0     0xc8  id_manager.o [1]
  .bss                    zero     0x20009178     0xc0  nrf_log_frontend.o [1]
  .bss                    zero     0x20009238     0xb8  nrf_fstorage_sd.o [1]
  .bss                    zero     0x200092f0     0xa0  ble_hrs_c.o [1]
  .bss                    zero     0x20009390     0xa0  ble_rscs_c.o [1]
  .bss                    zero     0x20009430     0x88  main.o [1]
  .bss                    zero     0x200094b8     0x80  nrf_log_frontend.o [1]
  .bss                    zero     0x20009538     0x7c  bsp.o [1]
  .bss                    zero     0x200095b4     0x78  ble_conn_state.o [1]
  .bss                    zero     0x2000962c     0x6c  nrfx_gpiote.o [1]
  .bss                    zero     0x20009698     0x40  app_button.o [1]
  .bss                    zero     0x200096d8     0x40  app_usbd_core.o [1]
  .bss                    zero     0x20009718     0x40  nrf_drv_usbd.o [1]
  .bss                    zero     0x20009758     0x40  nrf_log_backend_uart.o [1]
  .bss                    zero     0x20009798     0x40  peer_id.o [1]
  .bss                    zero     0x200097d8     0x3c  ble_conn_params.o [1]
  .bss                    zero     0x20009814     0x38  fds.o [1]
  .bss                    zero     0x2000984c     0x2c  nrfx_uart.o [1]
  .bss                    zero     0x20009878     0x28  ble_db_discovery.o [1]
  .bss                    zero     0x200098a0     0x24  main.o [1]
  .bss                    zero     0x200098c4     0x24  nrfx_uarte.o [1]
  .bss                    zero     0x200098e8     0x20  main.o [1]
  .bss                    zero     0x20009908     0x1c  ble_conn_params.o [1]
  .bss                    zero     0x20009924     0x1c  peer_manager.o [1]
  .bss                    zero     0x20009940     0x18  app_usbd_core.o [1]
  .bss                    zero     0x20009958     0x18  nrf_log_frontend.o [1]
  .bss                    zero     0x20009970     0x14  app_timer.o [1]
  .bss                    zero     0x20009984     0x14  fds.o [1]
  .bss                    zero     0x20009998     0x14  nrf_drv_clock.o [1]
  .bss                    zero     0x200099ac     0x14  nrf_drv_uart.o [1]
  .bss                    zero     0x200099c0     0x14  nrf_pwr_mgmt.o [1]
  .bss                    zero     0x200099d4     0x10  app_usbd_core.o [1]
  .bss                    zero     0x200099e4     0x10  app_usbd_serial_num.o [1]
  .bss                    zero     0x200099f4     0x10  nrfx_power.o [1]
  .bss                    zero     0x20009a04      0xc  app_usbd_core.o [1]
  .bss                    zero     0x20009a10      0xc  app_util_platform.o [1]
  .bss                    zero     0x20009a1c      0xc  gatt_cache_manager.o [1]
  .bss                    zero     0x20009a28      0x8  app_usbd_cdc_acm.o [1]
  .bss                    zero     0x20009a30      0x8  ble_hrs_c.o [1]
  .bss                    zero     0x20009a38      0x8  ble_rscs_c.o [1]
  .bss                    zero     0x20009a40      0x8  bsp_btn_ble.o [1]
  .bss                    zero     0x20009a48      0x8  nrf_log_frontend.o [1]
  .bss                    zero     0x20009a50      0x8  nrf_log_frontend.o [1]
  .bss                    zero     0x20009a58      0x8  nrfx_clock.o [1]
  .bss                    zero     0x20009a60      0x8  nrfx_prs.o [1]
  .bss                    zero     0x20009a68      0x8  peer_data_storage.o [1]
  .bss                    zero     0x20009a70      0x8  xxmemxmalloc.o [3]
  .bss                    zero     0x20009a78      0x4  security_manager.o [1]
  .bss                    zero     0x20009a7c      0x4  xgetmemchunk.o [3]
  .bss                    zero     0x20009a80      0x3  nrf_sdh.o [1]
  .bss                    zero     0x20009a83      0x1  app_usbd.o [1]
  .bss                    zero     0x20009a84      0x2  gatts_cache_manager.o [1]
  .bss                    zero     0x20009a86      0x2  gatts_cache_manager.o [1]
  .bss                    zero     0x20009a88      0x1  nrf_drv_power.o [1]
  .bss                    zero     0x20009a89      0x1  nrf_sdh_ble.o [1]
  .bss                    zero     0x20009a8a      0x1  nrfx_clock.o [1]
  .bss                    zero     0x20009a8b      0x1  peer_data_storage.o [1]
  .bss                    zero     0x20009a8c      0x1  peer_database.o [1]
                                 - 0x20009a8d   0x1e75


*******************************************************************************
*** INIT TABLE
***

          Address     Size
          -------     ----
Zero (__iar_zero_init3)
    1 destination range, total size 0x1e75:
          0x20007c18  0x1e75

Copy/lz77 (__iar_lz77_init_single3)
    1 source range, total size 0xfe (6% of destination):
          0x00038584    0xfe
    1 destination range, total size 0xe9a:
          0x20002d50   0xe9a

Copy/lz77 (__iar_lz77_init_single3)
    1 source range, total size 0x17 (57% of destination):
          0x00038682    0x17
    1 destination range, total size 0x28:
          0x20003bec    0x28



*******************************************************************************
*** MODULE SUMMARY
***

    Module                      ro code  ro data  rw data
    ------                      -------  -------  -------
D:\work\_NordicPRJ_00\IAR_prj\UsbLeBridge\_build: [1]
    app_button.o                    448                64
    app_error.o                      30
    app_error_weak.o                136
    app_timer.o                   1 368               288
    app_usbd.o                    2 316       52      473
    app_usbd_cdc_acm.o            2 492       36        8
    app_usbd_core.o               1 684       60      116
    app_usbd_serial_num.o            80                16
    app_usbd_string_desc.o          112      101       24
    app_util_platform.o             104                12
    ble_advdata.o                 1 554
    ble_advertising.o               948
    ble_conn_params.o               604        8       88
    ble_conn_state.o                700        8      120
    ble_db_discovery.o            1 756       20      808
    ble_hrs.o                       534
    ble_hrs_c.o                     528       20      168
    ble_rscs.o                      520
    ble_rscs_c.o                    552       20      168
    ble_srv_common.o                450
    boards.o                        400
    bsp.o                           864               124
    bsp_btn_ble.o                   220        8        8
    fds.o                         3 200       11      308
    flash_mem.o                     248       12       20
    gatt_cache_manager.o          2 232       28       12
    gatts_cache_manager.o           864       36        4
    iar_startup_nrf52840.o          618
    id_manager.o                    840       24      200
    main.o                        3 668      265    4 970
    nrf_atfifo.o                    328
    nrf_atflags.o                   166
    nrf_atomic.o                    232
    nrf_balloc.o                    162
    nrf_ble_gatt.o                1 020       24
    nrf_ble_qwr.o                   284
    nrf_ble_scan.o                1 184       20
    nrf_drv_clock.o                 388       32       20
    nrf_drv_power.o                 348       16        1
    nrf_drv_uart.o                  144                20
    nrf_drv_usbd.o                4 536       16      588
    nrf_fprintf.o                    60
    nrf_fprintf_format.o            804
    nrf_fstorage.o                1 024       24
    nrf_fstorage_sd.o               744       56      184
    nrf_log_backend_serial.o        232
    nrf_log_backend_uart.o          240       14       88
    nrf_log_default_backends.o       32       36        8
    nrf_log_frontend.o            1 488       32    1 420
    nrf_log_str_formatter.o         524       92       56
    nrf_memobj.o                    334
    nrf_pwr_mgmt.o                  112       44       20
    nrf_ringbuf.o                    18
    nrf_sdh.o                       556       64        3
    nrf_sdh_ble.o                 1 048       60        1
    nrf_sdh_soc.o                    68       44
    nrf_section_iter.o               70
    nrf_strerror.o                  388    1 004
    nrfx_clock.o                    288       16        9
    nrfx_gpiote.o                 1 276       16      108
    nrfx_power.o                    292                16
    nrfx_power_clock.o               14
    nrfx_prs.o                       88       12        8
    nrfx_uart.o                   1 360       16       44
    nrfx_uarte.o                  1 172       16       36
    peer_data_storage.o           1 396       28        9
    peer_database.o               1 700       28      389
    peer_id.o                       268                64
    peer_manager.o                1 856       32       28
    peer_manager_handler.o        2 268      307       96
    pm_buffer.o                     246
    security_dispatcher.o         2 928       32       68
    security_manager.o            1 496       26       24
    system_nrf52840.o               376                 4
    -----------------------------------------------------
    Total:                       63 628    2 816   11 311

command line: [2]
    -----------------------------------------------------
    Total:

dl7M_tlf.a: [3]
    div.o                            14
    exit.o                            4
    isxxx.o                          40
    localeconv.o                    108        9      136
    setlocale.o                      36        8      116
    snprintf.o                       68
    sprintf.o                        52
    xencoding_sb.o                   96
    xgetmemchunk.o                   44                 4
    xlocale_c.o                      58
    xmbcurmax.o                      10
    xmbtowc.o                        32
    xprintffull.o                 4 454
    xsnprout.o                       26
    xsprout.o                        10
    xwctomb.o                        26
    xxmemxfree.o                    128
    xxmemxmalloc.o                  176                 8
    -----------------------------------------------------
    Total:                        5 382       17      264

m7M_tls.a: [4]
    DblAdd.o                        212
    DblCmpGe.o                       46
    DblCmpLe.o                       46
    DblDiv.o                        598
    DblMul.o                        418
    DblSub.o                        384
    DblToI32.o                       88
    I32ToDbl.o                       48
    fpinit_M.o                       34
    xdnorm.o                         66
    xdscale.o                       276
    -----------------------------------------------------
    Total:                        2 216

rt7M_tl.a: [5]
    ABImemclr.o                       6
    ABImemclr4.o                      6
    ABImemcpy_unaligned.o           118
    ABImemmove_unaligned.o          120
    ABImemset.o                      94
    ABImemset48.o                    58
    I64DivMod.o                     238
    I64DivZer.o                       2
    I64Shl.o                         34
    cexit.o                          10
    cmain.o                          26
    cstartup_M.o                     12
    data_init.o                      40
    lz77_init_single.o              118
    memchr.o                         88
    memcmp_unaligned.o               98
    strchr.o                         22
    strcmp_unaligned.o               66
    strlen.o                         54
    zero_init3.o                     64
    -----------------------------------------------------
    Total:                        1 274

shb_l.a: [6]
    exit.o                           20
    -----------------------------------------------------
    Total:                           20

    Gaps                             12        4
    Linker created                            48   16 384
---------------------------------------------------------
    Grand Total:                 72 532    2 885   27 959


*******************************************************************************
*** ENTRY LIST
***

Entry                      Address   Size  Type      Object
-----                      -------   ----  ----      ------
.iar.init_table$$Base   0x00038278          --   Gb  - Linker created -
.iar.init_table$$Limit  0x000382a8          --   Gb  - Linker created -
?main                   0x00038321         Code  Gb  cmain.o [5]
CSTACK$$Base            0x20003c18          --   Gb  - Linker created -
CSTACK$$Limit           0x20005c18          --   Gb  - Linker created -
ChannelWriteUsb         0x00029bc9   0x14  Code  Gb  main.o [1]
CheckIncommingData      0x00029c05   0x78  Code  Gb  main.o [1]
GPIOTE_IRQHandler       0x00036cad  0x188  Code  Gb  nrfx_gpiote.o [1]
HEAP$$Base              0x20005c18          --   Gb  - Linker created -
HEAP$$Limit             0x20007c18          --   Gb  - Linker created -
LoadInt                 0x00027ccb   0x6e  Code  Lc  xprintffull.o [3]
NVIC_ClearPendingIRQ    0x0002e343    0xe  Code  Lc  app_timer.o [1]
NVIC_EnableIRQ          0x0002e321    0xe  Code  Lc  app_timer.o [1]
NVIC_SetPendingIRQ      0x0002e32f    0xc  Code  Lc  app_timer.o [1]
NVIC_SetPriority        0x0002e351   0x1e  Code  Lc  app_timer.o [1]
POWER_CLOCK_IRQHandler  0x000384a1    0xe  Code  Gb  nrfx_power_clock.o [1]
RTC1_IRQHandler         0x0002e6b9   0x6e  Code  Gb  app_timer.o [1]
Region$$Table$$Base     0x00038278          --   Gb  - Linker created -
Region$$Table$$Limit    0x000382a8          --   Gb  - Linker created -
SWI0_EGU0_IRQHandler    0x0002e727    0x2  Code  Gb  app_timer.o [1]
SWI2_EGU2_IRQHandler    0x0002fb0b    0x2  Code  Gb  nrf_sdh.o [1]
SystemCoreClock         0x20003ae4    0x4  Data  Gb  system_nrf52840.o [1]
SystemInit              0x00037b6d  0x12c  Code  Gb  system_nrf52840.o [1]
UARTE0_UART0_IRQHandler
                        0x00036e71    0x6  Code  Gb  nrfx_prs.o [1]
USBD_IRQHandler         0x00026ae5  0x154  Code  Gb  nrf_drv_usbd.o [1]
_EncodingSb_Mbtowc      0x00029367   0x30  Code  Gb  xencoding_sb.o [3]
_EncodingSb_Wctomb      0x0002934d   0x1a  Code  Gb  xencoding_sb.o [3]
_GenldFull              0x0002854f  0x24c  Code  Lc  xprintffull.o [3]
_IsdstStr               0x20003aec    0x4  Data  Gb  setlocale.o [3]
_LdtobFull              0x0002814d  0x3fc  Code  Lc  xprintffull.o [3]
_LitobFull              0x00028045  0x106  Code  Lc  xprintffull.o [3]
_LocaleC_isalpha        0x0003745d   0x16  Code  Gb  xlocale_c.o [3]
_LocaleC_ispunct        0x00037473   0x24  Code  Gb  xlocale_c.o [3]
_LocaleEncoding         0x0002933b    0xe  Code  Gb  setlocale.o [3]
_LocaleForCat           0x00029329   0x12  Code  Gb  setlocale.o [3]
_LocaleReturnString     0x20003b0c   0x50  Data  Lc  setlocale.o [3]
_Locale_Profile         0x20003af0   0x1c  Data  Gb  setlocale.o [3]
_Locale_aeabi_lconv     0x20003bac   0x38  Data  Gb  localeconv.o [3]
_Locale_lconv           0x20003b5c   0x50  Data  Gb  localeconv.o [3]
_Mbtowc                 0x000287e3   0x20  Code  Gb  xmbtowc.o [3]
_NRFX_IRQ_IS_ENABLED    0x00026201   0x1c  Code  Lc  nrf_drv_usbd.o [1]
_PrintfFull             0x0002767d  0x638  Code  Gb  xprintffull.o [3]
_PutcharsFull           0x0002879b   0x2e  Code  Lc  xprintffull.o [3]
_PutstrFull             0x00027d39  0x306  Code  Lc  xprintffull.o [3]
_SNProut                0x000275fb   0x1a  Code  Gb  xsnprout.o [3]
_SProut                 0x00027673    0xa  Code  Gb  xsprout.o [3]
_TzoneStr               0x20003ae8    0x4  Data  Gb  setlocale.o [3]
_Wctomb                 0x00028969   0x1a  Code  Gb  xwctomb.o [3]
__ICFEDIT_region_RAM_end__ {Abs}
                        0x2003ffff          --   Gb  command line/config [2]
__ICFEDIT_region_RAM_start__ {Abs}
                        0x20002d50          --   Gb  command line/config [2]
__Vectors               0x00026000          --   Gb  iar_startup_nrf52840.o [1]
__Vectors_End           0x00026200         Data  Gb  iar_startup_nrf52840.o [1]
__Vectors_Size {Abs}    0x00000200          --   Gb  iar_startup_nrf52840.o [1]
__aeabi_cdcmple         0x00028b35         Code  Gb  DblCmpLe.o [4]
__aeabi_cdrcmple        0x00028b65         Code  Gb  DblCmpGe.o [4]
__aeabi_d2iz            0x00028ca9         Code  Gb  DblToI32.o [4]
__aeabi_d2uiz           0x00028cd5         Code  Gb  DblToI32.o [4]
__aeabi_ddiv            0x00029055         Code  Gb  DblDiv.o [4]
__aeabi_dmul            0x00028eb1         Code  Gb  DblMul.o [4]
__aeabi_dsub            0x00028d31         Code  Gb  DblSub.o [4]
__aeabi_i2d             0x00028d01         Code  Gb  I32ToDbl.o [4]
__aeabi_ldiv0           0x000293d9         Code  Gb  I64DivZer.o [5]
__aeabi_llsl            0x00036951         Code  Gb  I64Shl.o [5]
__aeabi_memclr          0x000275f5         Code  Gb  ABImemclr.o [5]
__aeabi_memclr4         0x0002da01         Code  Gb  ABImemclr4.o [5]
__aeabi_memset4         0x00034b89         Code  Gb  ABImemset48.o [5]
__aeabi_memset8         0x00034b89         Code  Gb  ABImemset48.o [5]
__aeabi_ui2d            0x00028d15         Code  Gb  I32ToDbl.o [4]
__aeabi_uldivmod        0x00028a05         Code  Gb  I64DivMod.o [5]
__cmain                 0x00038321         Code  Gb  cmain.o [5]
__data_Aldata           0x20009a70    0x8  Data  Gb  xxmemxmalloc.o [3]
__data_GetMemChunk      0x000293ad   0x2c  Code  Gb  xgetmemchunk.o [3]
__exit                  0x0003834d   0x14  Code  Gb  exit.o [6]
__iar_Dnorm             0x00028af3   0x42  Code  Gb  xdnorm.o [4]
__iar_Dscale            0x00028b95  0x114  Code  Gb  xdscale.o [4]
__iar_Locale_lconv_init
                        0x000292ad   0x3a  Code  Gb  localeconv.o [3]
__iar_Mbcurmax          0x000288ad    0xa  Code  Gb  xmbcurmax.o [3]
__iar_Memchr            0x00028855         Code  Gb  memchr.o [5]
__iar_Memset4_word      0x00034b91         Code  Gb  ABImemset48.o [5]
__iar_Memset8_word      0x00034b91         Code  Gb  ABImemset48.o [5]
__iar_Memset_word       0x00027615         Code  Gb  ABImemset.o [5]
__iar_Strchr            0x00028805         Code  Gb  strchr.o [5]
__iar_d2uiz             0x00028ce1         Code  Gb  DblToI32.o [4]
__iar_dadd              0x000293dd         Code  Gb  DblAdd.o [4]
__iar_data_init3        0x00038209   0x28  Code  Gb  data_init.o [5]
__iar_dsub              0x00028d45         Code  Gb  DblSub.o [4]
__iar_dsubStart         0x00028d57         Code  Gb  DblSub.o [4]
__iar_init_vfp          0x00038255         Code  Gb  fpinit_M.o [4]
__iar_lz77_init_single3
                        0x0002742f   0x76  Code  Gb  lz77_init_single.o [5]
__iar_program_start     0x000384f9         Code  Gb  cstartup_M.o [5]
__iar_ui2d              0x00028d19         Code  Gb  I32ToDbl.o [4]
__iar_unaligned___aeabi_memcpy
                        0x000273b9         Code  Gb  ABImemcpy_unaligned.o [5]
__iar_unaligned___aeabi_memcpy4
                        0x000273d9         Code  Gb  ABImemcpy_unaligned.o [5]
__iar_unaligned___aeabi_memcpy8
                        0x000273d9         Code  Gb  ABImemcpy_unaligned.o [5]
__iar_unaligned___aeabi_memmove
                        0x00034a69         Code  Gb  ABImemmove_unaligned.o [5]
__iar_unaligned___aeabi_memmove4
                        0x00034a69         Code  Gb  ABImemmove_unaligned.o [5]
__iar_unaligned___aeabi_memmove8
                        0x00034a69         Code  Gb  ABImemmove_unaligned.o [5]
__iar_unaligned_memcmp  0x00035959         Code  Gb  memcmp_unaligned.o [5]
__iar_unaligned_strcmp  0x0003062d         Code  Gb  strcmp_unaligned.o [5]
__iar_zero_init3        0x000380f1   0x40  Code  Gb  zero_init3.o [5]
__sd_nvic_app_accessible_irq
                        0x0002f909   0x26  Code  Lc  nrf_sdh.o [1]
__vector_table          0x00026000         Data  Gb  iar_startup_nrf52840.o [1]
_call_main              0x0003832d         Code  Gb  cmain.o [5]
_conn_secure            0x0002ad55   0xb0  Code  Lc  peer_manager_handler.o [1]
_exit                   0x00038341         Code  Gb  cexit.o [5]
_main                   0x00038337         Code  Gb  cmain.o [5]
active_flag_count       0x0002d3cf   0x1c  Code  Gb  ble_conn_state.o [1]
addr_compare            0x00031bf9   0x2c  Code  Gb  id_manager.o [1]
addr_is_aligned32       0x0002abb3    0xc  Code  Lc  nrf_fstorage.o [1]
addr_is_within_bounds   0x0002ab99   0x1a  Code  Lc  nrf_fstorage.o [1]
adv_scan_start          0x000294ed   0x26  Code  Lc  main.o [1]
advertising_buttons_configure
                        0x0002f5e9   0x2e  Code  Lc  bsp_btn_ble.o [1]
ah                      0x00031ea1   0x4a  Code  Gb  id_manager.o [1]
alert_timer_handler     0x0002f4ef    0x6  Code  Lc  bsp.o [1]
app_button_enable       0x00035779   0x20  Code  Gb  app_button.o [1]
app_button_init         0x00035711   0x68  Code  Gb  app_button.o [1]
app_buttons             0x0002f5c8   0x20  Data  Lc  bsp.o [1]
app_error_fault_handler
                        0x000305a5   0x56  Code  Wk  app_error_weak.o [1]
app_error_handler_bare  0x0002a495   0x1e  Code  Gb  app_error.o [1]
app_timer_create        0x0002e76d   0x26  Code  Gb  app_timer.o [1]
app_timer_init          0x0002e729   0x44  Code  Gb  app_timer.o [1]
app_timer_start         0x0002e793   0x7e  Code  Gb  app_timer.o [1]
app_timer_stop          0x0002e811   0x1c  Code  Gb  app_timer.o [1]
app_usbd_all_call       0x0002e14d   0x18  Code  Gb  app_usbd.o [1]
app_usbd_all_iface_deselect
                        0x0002e295   0x26  Code  Gb  app_usbd.o [1]
app_usbd_all_iface_select_0
                        0x0002e26d   0x28  Code  Gb  app_usbd.o [1]
app_usbd_all_until_served_call
                        0x0002e16d   0x1c  Code  Gb  app_usbd.o [1]
app_usbd_cdc_acm_class_methods
                        0x000382d4   0x14  Data  Gb  app_usbd_cdc_acm.o [1]
app_usbd_cdc_acm_read   0x0002f16d   0x72  Code  Gb  app_usbd_cdc_acm.o [1]
app_usbd_cdc_acm_write  0x0002f12f   0x3e  Code  Gb  app_usbd_cdc_acm.o [1]
app_usbd_class_append   0x0002e031   0x70  Code  Gb  app_usbd.o [1]
app_usbd_class_descriptor_find
                        0x0002da4d   0xb6  Code  Gb  app_usbd.o [1]
app_usbd_class_first_get
                        0x0002e0d7    0x6  Code  Gb  app_usbd.o [1]
app_usbd_class_iface_ep_get
                        0x0002da1b   0x10  Code  Lc  app_usbd.o [1]
app_usbd_class_iface_ep_get
                        0x0002e88b   0x10  Code  Lc  app_usbd_cdc_acm.o [1]
app_usbd_class_iface_get
                        0x0002da09   0x12  Code  Lc  app_usbd.o [1]
app_usbd_class_iface_get
                        0x0002e879   0x12  Code  Lc  app_usbd_cdc_acm.o [1]
app_usbd_class_rwu_enabled_check
                        0x0002e0a7    0xa  Code  Gb  app_usbd.o [1]
app_usbd_core_ep0_disable
                        0x00035409   0x12  Code  Gb  app_usbd_core.o [1]
app_usbd_core_ep0_enable
                        0x000353f7   0x12  Code  Gb  app_usbd_core.o [1]
app_usbd_core_event_handler
                        0x0003532f   0xc8  Code  Lc  app_usbd_core.o [1]
app_usbd_core_handler_call
                        0x0002db41    0xc  Code  Lc  app_usbd.o [1]
app_usbd_core_inst      0x000381cc   0x10  Data  Gb  app_usbd_core.o [1]
app_usbd_core_inst_data
                        0x20009a04    0xc  Data  Lc  app_usbd_core.o [1]
app_usbd_core_setup_data_handler_set
                        0x00035487   0x20  Code  Gb  app_usbd_core.o [1]
app_usbd_core_setup_req_handler
                        0x00035189  0x1a6  Code  Lc  app_usbd_core.o [1]
app_usbd_core_setup_rsp
                        0x0003541b   0x64  Code  Gb  app_usbd_core.o [1]
app_usbd_core_setup_transfer_buff_get
                        0x000354a7    0xa  Code  Gb  app_usbd_core.o [1]
app_usbd_disable        0x0002dd7b    0x4  Code  Gb  app_usbd.o [1]
app_usbd_enable         0x0002dd77    0x4  Code  Gb  app_usbd.o [1]
app_usbd_ep_call        0x0002e121   0x2c  Code  Gb  app_usbd.o [1]
app_usbd_ep_conf_access
                        0x0002db0f   0x1a  Code  Lc  app_usbd.o [1]
app_usbd_ep_disable     0x0002e0d3    0x4  Code  Gb  app_usbd.o [1]
app_usbd_ep_enable      0x0002e0b1   0x22  Code  Gb  app_usbd.o [1]
app_usbd_ep_handled_transfer
                        0x0002e1ad   0x24  Code  Gb  app_usbd.o [1]
app_usbd_ep_instance_set
                        0x0002db29   0x18  Code  Lc  app_usbd.o [1]
app_usbd_ep_transfer    0x0002e189   0x24  Code  Gb  app_usbd.o [1]
app_usbd_event_add      0x0002db4d   0xb0  Code  Lc  app_usbd.o [1]
app_usbd_event_execute  0x0002ddad  0x1de  Code  Gb  app_usbd.o [1]
app_usbd_event_handler  0x0002dc25    0x2  Code  Lc  app_usbd.o [1]
app_usbd_event_queue_process
                        0x0002df93   0x9e  Code  Gb  app_usbd.o [1]
app_usbd_hfclk_ready    0x0002dc27    0x6  Code  Lc  app_usbd.o [1]
app_usbd_iface_call     0x0002e11b    0x6  Code  Gb  app_usbd.o [1]
app_usbd_iface_deselect
                        0x0002e219   0x34  Code  Gb  app_usbd.o [1]
app_usbd_iface_find     0x0002e0dd   0x3e  Code  Gb  app_usbd.o [1]
app_usbd_iface_select   0x0002e1d1   0x40  Code  Gb  app_usbd.o [1]
app_usbd_iface_selection_get
                        0x0002e255   0x18  Code  Gb  app_usbd.o [1]
app_usbd_init           0x0002dca3   0xb0  Code  Gb  app_usbd.o [1]
app_usbd_power_event_handler
                        0x0002dc09   0x1c  Code  Lc  app_usbd.o [1]
app_usbd_power_events_enable
                        0x0002dd53   0x24  Code  Gb  app_usbd.o [1]
app_usbd_prepare_string
                        0x00035d85   0x42  Code  Lc  app_usbd_string_desc.o [1]
app_usbd_serial_num_generate
                        0x0002f735   0x3a  Code  Gb  app_usbd_serial_num.o [1]
app_usbd_start          0x0002dd7f   0x18  Code  Gb  app_usbd.o [1]
app_usbd_stop           0x0002dd97    0x8  Code  Gb  app_usbd.o [1]
app_usbd_string_desc_get
                        0x00035dc7   0x20  Code  Gb  app_usbd_string_desc.o [1]
app_util_critical_region_enter
                        0x000274a5   0x36  Code  Gb  app_util_platform.o [1]
app_util_critical_region_exit
                        0x000274db   0x22  Code  Gb  app_util_platform.o [1]
apply_config            0x000363cf   0x74  Code  Lc  nrfx_uart.o [1]
apply_config            0x00035f29   0x74  Code  Lc  nrfx_uarte.o [1]
apply_pending_handle    0x00032b53    0x2  Code  Lc  gatt_cache_manager.o [1]
auth_status_success_process
                        0x00033c17  0x130  Code  Lc  security_dispatcher.o [1]
bit2ep                  0x00026445    0xe  Code  Lc  nrf_drv_usbd.o [1]
bleReadyToSend          0x20003be9    0x1  Data  Gb  main.o [1]
ble_advdata_encode      0x000309c3  0x144  Code  Gb  ble_advdata.o [1]
ble_advdata_name_find   0x00030b89   0x48  Code  Gb  ble_advdata.o [1]
ble_advdata_parse       0x00030b69   0x20  Code  Gb  ble_advdata.o [1]
ble_advdata_search      0x00030b2b   0x3e  Code  Gb  ble_advdata.o [1]
ble_advdata_uuid_find   0x00030bd1   0xb0  Code  Gb  ble_advdata.o [1]
ble_advertising_conn_cfg_tag_set
                        0x0002d687    0x6  Code  Gb  ble_advertising.o [1]
ble_advertising_init    0x0002d68d   0xe8  Code  Gb  ble_advertising.o [1]
ble_advertising_on_ble_evt
                        0x0002d991   0x6e  Code  Gb  ble_advertising.o [1]
ble_advertising_on_sys_evt
                        0x0002d9ff    0x2  Code  Gb  ble_advertising.o [1]
ble_advertising_start   0x0002d789  0x1fe  Code  Gb  ble_advertising.o [1]
ble_buffer_length       0x200039b2    0x2  Data  Gb  main.o [1]
ble_conn_params_init    0x00030413   0x54  Code  Gb  ble_conn_params.o [1]
ble_conn_state_central_conn_count
                        0x0002d547    0x8  Code  Gb  ble_conn_state.o [1]
ble_conn_state_encrypted
                        0x0002d517   0x16  Code  Gb  ble_conn_state.o [1]
ble_conn_state_for_each_set_user_flag
                        0x0002d60f   0x22  Code  Gb  ble_conn_state.o [1]
ble_conn_state_mitm_protected
                        0x0002d531   0x16  Code  Gb  ble_conn_state.o [1]
ble_conn_state_role     0x0002d4db   0x1e  Code  Gb  ble_conn_state.o [1]
ble_conn_state_status   0x0002d4f9   0x1e  Code  Gb  ble_conn_state.o [1]
ble_conn_state_user_flag_acquire
                        0x0002d565   0x12  Code  Gb  ble_conn_state.o [1]
ble_conn_state_user_flag_get
                        0x0002d577   0x2c  Code  Gb  ble_conn_state.o [1]
ble_conn_state_user_flag_set
                        0x0002d5a3   0x3a  Code  Gb  ble_conn_state.o [1]
ble_conn_state_valid    0x0002d4cb   0x10  Code  Gb  ble_conn_state.o [1]
ble_db_discovery_evt_register
                        0x0002d0ef   0x34  Code  Gb  ble_db_discovery.o [1]
ble_db_discovery_init   0x0002d0d3   0x1c  Code  Gb  ble_db_discovery.o [1]
ble_db_discovery_on_ble_evt
                        0x0002d193   0xca  Code  Gb  ble_db_discovery.o [1]
ble_db_discovery_start  0x0002d16b   0x28  Code  Gb  ble_db_discovery.o [1]
ble_device_addr_encode  0x00030679   0x5a  Code  Lc  ble_advdata.o [1]
ble_evt_handler         0x000304a5   0xf2  Code  Lc  ble_conn_params.o [1]
ble_evt_handler         0x0002d3f3   0xd8  Code  Lc  ble_conn_state.o [1]
ble_evt_handler         0x0002f617   0x68  Code  Lc  bsp_btn_ble.o [1]
ble_evt_handler         0x0002996b   0x5a  Code  Lc  main.o [1]
ble_evt_handler         0x0002bf53   0x20  Code  Lc  peer_manager.o [1]
ble_hrs_c_handles_assign
                        0x0002bdfd   0x14  Code  Gb  ble_hrs_c.o [1]
ble_hrs_c_hrm_notif_enable
                        0x0002bdad   0x46  Code  Gb  ble_hrs_c.o [1]
ble_hrs_c_init          0x0002bca5   0x34  Code  Gb  ble_hrs_c.o [1]
ble_hrs_c_on_ble_evt    0x0002bcd9   0xd4  Code  Gb  ble_hrs_c.o [1]
ble_hrs_heart_rate_measurement_send
                        0x0002c70b   0x5c  Code  Gb  ble_hrs.o [1]
ble_hrs_init            0x0002c635   0xd6  Code  Gb  ble_hrs.o [1]
ble_hrs_on_ble_evt      0x0002c55b   0x50  Code  Gb  ble_hrs.o [1]
ble_hrs_on_db_disc_evt  0x0002bc35   0x70  Code  Gb  ble_hrs_c.o [1]
ble_rscs_c_handles_assign
                        0x0002c8e7   0x14  Code  Gb  ble_rscs_c.o [1]
ble_rscs_c_init         0x0002c8b3   0x34  Code  Gb  ble_rscs_c.o [1]
ble_rscs_c_on_ble_evt   0x0002c8fb   0x3c  Code  Gb  ble_rscs_c.o [1]
ble_rscs_c_rsc_notif_enable
                        0x0002c937   0x52  Code  Gb  ble_rscs_c.o [1]
ble_rscs_init           0x0002ca67   0xce  Code  Gb  ble_rscs.o [1]
ble_rscs_measurement_send
                        0x0002cb35   0x64  Code  Gb  ble_rscs.o [1]
ble_rscs_on_ble_evt     0x0002c99b   0x56  Code  Gb  ble_rscs.o [1]
ble_rscs_on_db_disc_evt
                        0x0002c841   0x72  Code  Gb  ble_rscs_c.o [1]
ble_srv_is_notification_enabled
                        0x000348af    0x8  Code  Gb  ble_srv_common.o [1]
blink_handler           0x000294b1    0x4  Code  Gb  main.o [1]
bsp_board_button_state_get
                        0x0002a3f1   0x1c  Code  Gb  boards.o [1]
bsp_board_init          0x0002a43d   0x4e  Code  Gb  boards.o [1]
bsp_board_led_invert    0x0002a3af   0x2c  Code  Gb  boards.o [1]
bsp_board_led_off       0x0002a381    0xa  Code  Gb  boards.o [1]
bsp_board_led_on        0x0002a377    0xa  Code  Gb  boards.o [1]
bsp_board_led_state_get
                        0x0002a363   0x14  Code  Gb  boards.o [1]
bsp_board_leds_off      0x0002a38b   0x12  Code  Gb  boards.o [1]
bsp_board_leds_on       0x0002a39d   0x12  Code  Gb  boards.o [1]
bsp_board_pin_to_button_idx
                        0x0002a41d    0xc  Code  Gb  boards.o [1]
bsp_btn_ble_init        0x0002f691   0x30  Code  Gb  bsp_btn_ble.o [1]
bsp_button_event_handler
                        0x0002f295   0x76  Code  Lc  bsp.o [1]
bsp_button_is_pressed   0x0002f289    0xc  Code  Gb  bsp.o [1]
bsp_event_to_button_action_assign
                        0x0002f575   0x38  Code  Gb  bsp.o [1]
bsp_init                0x0002f4f5   0x80  Code  Gb  bsp.o [1]
bsp_led_indication      0x0002f339  0x194  Code  Lc  bsp.o [1]
buf_prealloc            0x0002b7fd   0x82  Code  Lc  nrf_log_frontend.o [1]
buffer_add              0x00037139   0x1c  Code  Lc  nrf_fprintf_format.o [1]
buffer_is_empty         0x0002b931   0x10  Code  Gb  nrf_log_frontend.o [1]
button_timer_handler    0x0002f30b    0x6  Code  Lc  bsp.o [1]
car_update_needed       0x00032ce9   0x22  Code  Lc  gatt_cache_manager.o [1]
car_update_pending_handle
                        0x00032cc3   0x26  Code  Lc  gatt_cache_manager.o [1]
cdc_acm_consumer        0x0002ea5f   0x32  Code  Lc  app_usbd_cdc_acm.o [1]
cdc_acm_event_handler   0x0002eb71   0x74  Code  Lc  app_usbd_cdc_acm.o [1]
cdc_acm_feed_descriptors
                        0x0002ebe5  0x48e  Code  Lc  app_usbd_cdc_acm.o [1]
cdc_acm_req_out_data_cb
                        0x0002e8c9   0x24  Code  Lc  app_usbd_cdc_acm.o [1]
cdc_acm_reset_port      0x0002e8ed   0x1c  Code  Lc  app_usbd_cdc_acm.o [1]
cdc_acm_rx_block_finished
                        0x0002ea91   0xe0  Code  Lc  app_usbd_cdc_acm.o [1]
cdc_acm_user_ev_handler
                        0x00029b09   0xb2  Code  Lc  main.o [1]
channelWriteBle         0x00029bdd   0x22  Code  Gb  main.o [1]
channel_free            0x00036acf   0x18  Code  Lc  nrfx_gpiote.o [1]
channel_port_alloc      0x00036a91   0x3e  Code  Lc  nrfx_gpiote.o [1]
characteristic_add      0x000348e7  0x166  Code  Gb  ble_srv_common.o [1]
characteristics_discover
                        0x0002ce29   0x3a  Code  Lc  ble_db_discovery.o [1]
claim                   0x00035a65   0x36  Code  Lc  peer_id.o [1]
class_event_handler     0x0002da2b    0x6  Code  Lc  app_usbd.o [1]
clock_clk_started_notify
                        0x0002f86f   0x24  Code  Lc  nrf_drv_clock.o [1]
clock_irq_handler       0x0002f895   0x22  Code  Lc  nrf_drv_clock.o [1]
comm_ep_in_addr_get     0x0002e8a5    0x6  Code  Lc  app_usbd_cdc_acm.o [1]
compare_reg_update      0x0002e521   0x86  Code  Lc  app_timer.o [1]
conn_handle_list_get    0x0002d391   0x3e  Code  Gb  ble_conn_state.o [1]
conn_int_encode         0x0003084f   0x82  Code  Lc  ble_advdata.o [1]
conn_params_error_handler
                        0x000294b5    0x4  Code  Lc  main.o [1]
conn_params_negotiation
                        0x00030467   0x3e  Code  Lc  ble_conn_params.o [1]
conn_sec_failure        0x00033a05   0x36  Code  Lc  security_dispatcher.o [1]
conn_secure             0x0002ae05    0x2  Code  Lc  peer_manager_handler.o [1]
data_ep_in_addr_get     0x0002e8ab    0x4  Code  Lc  app_usbd_cdc_acm.o [1]
data_ep_out_addr_get    0x0002e8bd    0xc  Code  Lc  app_usbd_cdc_acm.o [1]
data_length_update      0x0002ff61   0x82  Code  Lc  nrf_ble_gatt.o [1]
db_disc_handler         0x000299c5   0x20  Code  Lc  main.o [1]
db_update_pending_handle
                        0x00032b55   0xa4  Code  Lc  gatt_cache_manager.o [1]
descriptors_discover    0x0002ce63   0x80  Code  Lc  ble_db_discovery.o [1]
detection_delay_timeout_handler
                        0x000355ed   0xa0  Code  Lc  app_button.o [1]
discovery_complete_evt_trigger
                        0x0002cd19   0x70  Code  Lc  ble_db_discovery.o [1]
discovery_error_evt_trigger
                        0x0002cce5   0x34  Code  Lc  ble_db_discovery.o [1]
discovery_start         0x0002d123   0x48  Code  Lc  ble_db_discovery.o [1]
div                     0x00029319    0xe  Code  Gb  div.o [3]
dropped_sat16_get       0x0002b7a1   0x12  Code  Lc  nrf_log_frontend.o [1]
encryption_failure      0x00033a3b    0x8  Code  Lc  security_dispatcher.o [1]
ep2bit                  0x00026433   0x12  Code  Lc  nrf_drv_usbd.o [1]
ep_state_access         0x0002641f   0x14  Code  Lc  nrf_drv_usbd.o [1]
erase                   0x00037a1b   0x38  Code  Lc  nrf_fstorage_sd.o [1]
ev_dma_epin0_handler    0x00026673   0x32  Code  Lc  nrf_drv_usbd.o [1]
ev_dma_epin1_handler    0x000266a5    0x4  Code  Lc  nrf_drv_usbd.o [1]
ev_dma_epin2_handler    0x000266a9    0x4  Code  Lc  nrf_drv_usbd.o [1]
ev_dma_epin3_handler    0x000266ad    0x4  Code  Lc  nrf_drv_usbd.o [1]
ev_dma_epin4_handler    0x000266b1    0x4  Code  Lc  nrf_drv_usbd.o [1]
ev_dma_epin5_handler    0x000266b5    0x4  Code  Lc  nrf_drv_usbd.o [1]
ev_dma_epin6_handler    0x000266b9    0x4  Code  Lc  nrf_drv_usbd.o [1]
ev_dma_epin7_handler    0x000266bd    0x4  Code  Lc  nrf_drv_usbd.o [1]
ev_dma_epin8_handler    0x000266c1   0x34  Code  Lc  nrf_drv_usbd.o [1]
ev_dma_epout0_handler   0x0002670b   0x36  Code  Lc  nrf_drv_usbd.o [1]
ev_dma_epout1_handler   0x0002675d    0x4  Code  Lc  nrf_drv_usbd.o [1]
ev_dma_epout2_handler   0x00026761    0x4  Code  Lc  nrf_drv_usbd.o [1]
ev_dma_epout3_handler   0x00026765    0x4  Code  Lc  nrf_drv_usbd.o [1]
ev_dma_epout4_handler   0x00026769    0x4  Code  Lc  nrf_drv_usbd.o [1]
ev_dma_epout5_handler   0x0002676d    0x4  Code  Lc  nrf_drv_usbd.o [1]
ev_dma_epout6_handler   0x00026771    0x4  Code  Lc  nrf_drv_usbd.o [1]
ev_dma_epout7_handler   0x00026775    0x4  Code  Lc  nrf_drv_usbd.o [1]
ev_dma_epout8_handler   0x00026779   0x42  Code  Lc  nrf_drv_usbd.o [1]
ev_epdata_handler       0x0002693d   0x48  Code  Lc  nrf_drv_usbd.o [1]
ev_setup_data_handler   0x00026851   0x16  Code  Lc  nrf_drv_usbd.o [1]
ev_setup_handler        0x0002686b   0x72  Code  Lc  nrf_drv_usbd.o [1]
ev_sof_handler          0x000267cb   0x4e  Code  Lc  nrf_drv_usbd.o [1]
ev_started_handler      0x000265cd    0x2  Code  Lc  nrf_drv_usbd.o [1]
ev_usbevent_handler     0x000268dd   0x56  Code  Lc  nrf_drv_usbd.o [1]
ev_usbreset_handler     0x000265ab   0x1c  Code  Lc  nrf_drv_usbd.o [1]
event_send              0x00030e05   0x20  Code  Lc  fds.o [1]
event_send              0x00037885   0x58  Code  Lc  nrf_fstorage_sd.o [1]
events_send_from_err_code
                        0x000324d1   0xa4  Code  Lc  security_manager.o [1]
evt_send                0x00032a79   0x16  Code  Lc  gatt_cache_manager.o [1]
evt_send                0x0002be11   0x20  Code  Lc  peer_manager.o [1]
evt_send                0x000339d5   0x16  Code  Lc  security_dispatcher.o [1]
evt_send                0x000324a1    0x4  Code  Lc  security_manager.o [1]
exit                    0x0003833b    0x4  Code  Gb  exit.o [3]
fds_evt_handler         0x00032031   0xe0  Code  Lc  peer_data_storage.o [1]
fds_file_delete         0x00031989   0x30  Code  Gb  fds.o [1]
fds_gc                  0x000319cd   0x2c  Code  Gb  fds.o [1]
fds_init                0x0003181b   0xcc  Code  Gb  fds.o [1]
fds_record_close        0x0003192b   0x40  Code  Gb  fds.o [1]
fds_record_find         0x00031a05    0xe  Code  Gb  fds.o [1]
fds_record_find_by_key  0x00031a13    0xc  Code  Gb  fds.o [1]
fds_record_find_in_file
                        0x00031a1f    0xa  Code  Gb  fds.o [1]
fds_record_id_from_desc
                        0x00031a2f   0x12  Code  Gb  fds.o [1]
fds_record_open         0x000318e7   0x44  Code  Gb  fds.o [1]
fds_record_update       0x0003196f    0x8  Code  Gb  fds.o [1]
fds_record_write        0x0003196b    0x4  Code  Gb  fds.o [1]
fds_register            0x000317f9   0x22  Code  Gb  fds.o [1]
file_id_within_pm_range
                        0x00031f37   0x16  Code  Lc  peer_data_storage.o [1]
filter_settings_change  0x00029537   0x70  Code  Lc  main.o [1]
firmware_version        0x200030a0   0x40  Data  Gb  main.o [1]
flag_id_init            0x00033d47   0x12  Code  Lc  security_dispatcher.o [1]
flag_id_init            0x0003273b   0x12  Code  Lc  security_manager.o [1]
flags_set               0x0002d661   0x26  Code  Lc  ble_advertising.o [1]
flags_set_from_err_code
                        0x000324a5   0x2c  Code  Lc  security_manager.o [1]
for_each_set_flag       0x0002d5dd   0x32  Code  Lc  ble_conn_state.o [1]
free                    0x00028985   0x7a  Code  Gb  xxmemxfree.o [3]
fs_data$$Base           0x20003bec          --   Gb  - Linker created -
fs_data$$Limit          0x20003c14          --   Gb  - Linker created -
fs_event_handler        0x00031729    0x4  Code  Lc  fds.o [1]
fstorage                0x20003c00   0x14  Data  Gb  flash_mem.o [1]
fstorage_evt_handler    0x00037e09   0x40  Code  Lc  flash_mem.o [1]
g_extern_serial_number  0x200099e4   0x10  Data  Gb  app_usbd_serial_num.o [1]
gc_execute              0x000314cd   0x98  Code  Lc  fds.o [1]
gc_page_erase           0x0003123d   0x3c  Code  Lc  fds.o [1]
gc_record_copy          0x00031279   0x24  Code  Lc  fds.o [1]
gc_record_find_next     0x0003129d   0x20  Code  Lc  fds.o [1]
gc_state_advance        0x000312bd   0x78  Code  Lc  fds.o [1]
gcm_ble_evt_handler     0x00032e7f   0xda  Code  Gb  gatt_cache_manager.o [1]
gcm_im_evt_handler      0x00032d25   0x30  Code  Gb  gatt_cache_manager.o [1]
gcm_init                0x00032dd5   0x60  Code  Gb  gatt_cache_manager.o [1]
gcm_pdb_evt_handler     0x00032d55   0x80  Code  Gb  gatt_cache_manager.o [1]
gpiote_event_handler    0x0003568d   0x84  Code  Lc  app_button.o [1]
gscm_db_change_notification_done
                        0x00034735   0x1a  Code  Gb  gatts_cache_manager.o [1]
gscm_init               0x0003458b    0xc  Code  Gb  gatts_cache_manager.o [1]
gscm_local_db_cache_apply
                        0x00034639   0x84  Code  Gb  gatts_cache_manager.o [1]
gscm_local_db_cache_update
                        0x00034597   0xa2  Code  Gb  gatts_cache_manager.o [1]
gscm_pdb_evt_handler    0x00034579   0x12  Code  Gb  gatts_cache_manager.o [1]
gscm_service_changed_ind_needed
                        0x000346bd   0x1e  Code  Gb  gatts_cache_manager.o [1]
gscm_service_changed_ind_send
                        0x000346db   0x48  Code  Gb  gatts_cache_manager.o [1]
header_check            0x00030e43   0x26  Code  Lc  fds.o [1]
header_has_next         0x00030e25   0x14  Code  Lc  fds.o [1]
header_jump             0x00030e39    0xa  Code  Lc  fds.o [1]
hrm_encode              0x0002c5ab   0x8a  Code  Lc  ble_hrs.o [1]
hrs_c_evt_handler       0x000295a7   0x98  Code  Lc  main.o [1]
im_address_resolve      0x00031eeb   0x42  Code  Gb  id_manager.o [1]
im_ble_addr_get         0x00031d87   0x2c  Code  Gb  id_manager.o [1]
im_ble_evt_handler      0x00031c25   0xaa  Code  Gb  id_manager.o [1]
im_conn_handle_get      0x00031e19   0x34  Code  Gb  id_manager.o [1]
im_find_duplicate_bonding_data
                        0x00031d2d   0x30  Code  Gb  id_manager.o [1]
im_is_duplicate_bonding_data
                        0x00031ccf   0x5e  Code  Gb  id_manager.o [1]
im_master_id_is_valid   0x00031e4d   0x18  Code  Gb  id_manager.o [1]
im_master_ids_compare   0x00031db3   0x2a  Code  Gb  id_manager.o [1]
im_new_peer_id          0x00031e65   0x10  Code  Gb  id_manager.o [1]
im_peer_free            0x00031e75   0x26  Code  Gb  id_manager.o [1]
im_peer_id_get_by_conn_handle
                        0x00031d67   0x20  Code  Gb  id_manager.o [1]
im_peer_id_get_by_master_id
                        0x00031ddd   0x3c  Code  Gb  id_manager.o [1]
in_ble_index            0x200039ae    0x2  Data  Gb  main.o [1]
in_usb_index            0x200039a8    0x2  Data  Gb  main.o [1]
init                    0x0003798f   0x2c  Code  Lc  nrf_fstorage_sd.o [1]
initRxTxbuffers         0x00029c7d   0x14  Code  Gb  main.o [1]
init_execute            0x00031335   0xa4  Code  Lc  fds.o [1]
instance_get            0x00030349   0x10  Code  Lc  ble_conn_params.o [1]
int_print               0x000371ef   0x9a  Code  Lc  nrf_fprintf_format.o [1]
interrupts_disable      0x000364a9   0x22  Code  Lc  nrfx_uart.o [1]
interrupts_disable      0x00036011   0x22  Code  Lc  nrfx_uarte.o [1]
interrupts_enable       0x00036443   0x66  Code  Lc  nrfx_uart.o [1]
interrupts_enable       0x00035f9d   0x74  Code  Lc  nrfx_uarte.o [1]
invalid_packets_omit    0x0002b6db   0x30  Code  Lc  nrf_log_frontend.o [1]
isConnected             0x20007c18    0x1  Data  Gb  main.o [1]
is_busy                 0x00037a6f    0xa  Code  Lc  nrf_fstorage_sd.o [1]
is_conn_params_ok       0x00030359   0x4c  Code  Lc  ble_conn_params.o [1]
is_desc_discovery_reqd  0x0002cde9   0x40  Code  Lc  ble_db_discovery.o [1]
is_valid_irk            0x00031be5   0x14  Code  Gb  id_manager.o [1]
is_whitelist_used       0x0002a745   0x14  Code  Gb  nrf_ble_scan.o [1]
isalpha                 0x00037111   0x14  Code  Gb  isxxx.o [3]
ispunct                 0x00037125   0x14  Code  Gb  isxxx.o [3]
item_enqueue            0x0002f7b5   0x16  Code  Lc  nrf_drv_clock.o [1]
leds_off                0x0002f311   0x26  Code  Lc  bsp.o [1]
leds_timer_handler      0x0002f4df   0x10  Code  Lc  bsp.o [1]
link_init               0x0002ff4d   0x14  Code  Lc  nrf_ble_gatt.o [1]
link_secure             0x000325b9   0xba  Code  Lc  security_manager.o [1]
link_secure_authenticate
                        0x00033f03    0xa  Code  Lc  security_dispatcher.o [1]
link_secure_central_encryption
                        0x00033f0d   0x8c  Code  Lc  security_dispatcher.o [1]
link_secure_failure     0x00033a43   0x90  Code  Lc  security_dispatcher.o [1]
link_secure_pending_handle
                        0x000326ff   0x24  Code  Lc  security_manager.o [1]
list_insertions_handler
                        0x0002e3b9  0x164  Code  Lc  app_timer.o [1]
local_db_apply_in_evt   0x00032aaf   0x98  Code  Lc  gatt_cache_manager.o [1]
local_db_update         0x00032b47    0xc  Code  Lc  gatt_cache_manager.o [1]
localeconv              0x000292e7   0x16  Code  Gb  localeconv.o [3]
log_backend_cb_uart_log_backend
                        0x200039ec    0x8  Data  Lc  nrf_log_default_backends.o [1]
log_const_data$$Base    0x00037f00          --   Gb  - Linker created -
log_const_data$$Limit   0x00037ff0          --   Gb  - Linker created -
log_dynamic_data$$Base  0x00000000          --   Gb  - Linker created -
log_mempool             0x0003840c   0x14  Data  Gb  nrf_log_frontend.o [1]
log_mempool_nrf_balloc_cb
                        0x20009a50    0x8  Data  Lc  nrf_log_frontend.o [1]
log_mempool_nrf_balloc_pool_mem
                        0x20009178   0xc0  Data  Lc  nrf_log_frontend.o [1]
log_mempool_nrf_balloc_pool_stack
                        0x20009a48    0x8  Data  Lc  nrf_log_frontend.o [1]
log_skip                0x0002b70b   0x96  Code  Lc  nrf_log_frontend.o [1]
m_adv_uuids             0x20003978    0x8  Data  Lc  main.o [1]
m_advertising           0x20003188  0x258  Data  Lc  main.o [1]
m_advertising_ble_obs   0x00038148    0x8  Data  Lc  main.o [1]
m_advertising_soc_obs   0x0003854c    0x8  Data  Lc  main.o [1]
m_alert_on              0x20009546    0x1  Data  Lc  bsp.o [1]
m_app_cdc_acm           0x0002a2cc   0x24  Data  Gb  main.o [1]
m_app_cdc_acm_data      0x20009430   0x88  Data  Lc  main.o [1]
m_app_cdc_acm_ep        0x20003be8    0x1  Data  Lc  main.o [1]
m_app_usbd_state        0x200099dc    0x1  Data  Lc  app_usbd_core.o [1]
m_async_mode            0x200039d5    0x1  Data  Lc  nrf_log_backend_uart.o [1]
m_bcs                   0x200095b4   0x78  Data  Lc  ble_conn_state.o [1]
m_ble_evt_observer      0x00038534    0x8  Data  Lc  ble_conn_state.o [1]
m_ble_evt_observer      0x00038168    0x8  Data  Lc  peer_manager.o [1]
m_ble_observer          0x00038130    0x8  Data  Lc  ble_conn_params.o [1]
m_ble_observer          0x00038138    0x8  Data  Lc  bsp_btn_ble.o [1]
m_blink_ble             0x0002a2c4    0x4  Data  Lc  main.o [1]
m_blink_ble_data        0x200098e8   0x20  Data  Lc  main.o [1]
m_blink_cdc             0x0002a2c8    0x4  Data  Lc  main.o [1]
m_blink_cdc_data        0x200039b4   0x20  Data  Lc  main.o [1]
m_board_btn_list        0x0002a490    0x4  Data  Lc  boards.o [1]
m_board_led_list        0x0002a48c    0x4  Data  Lc  boards.o [1]
m_bsp_alert_tmr         0x0002f5c0    0x4  Data  Lc  bsp.o [1]
m_bsp_alert_tmr_data    0x20009574   0x20  Data  Lc  bsp.o [1]
m_bsp_button_tmr        0x0002f5c4    0x4  Data  Lc  bsp.o [1]
m_bsp_button_tmr_data   0x20009594   0x20  Data  Lc  bsp.o [1]
[...]
nrfx_uarte_uninit       0x000360fb   0x2e  Code  Gb  nrfx_uarte.o [1]
on_adv_evt              0x0002991d   0x3a  Code  Lc  main.o [1]
on_ble_central_evt      0x00029745  0x15c  Code  Lc  main.o [1]
on_ble_peripheral_evt   0x000298a1   0x7c  Code  Lc  main.o [1]
on_characteristic_discovery_rsp
                        0x0002cee3  0x104  Code  Lc  ble_db_discovery.o [1]
on_descriptor_discovery_rsp
                        0x0002cfe7   0xe4  Code  Lc  ble_db_discovery.o [1]
on_hvx                  0x0002c7a9   0x98  Code  Lc  ble_rscs_c.o [1]
on_srv_disc_completion  0x0002cd89   0x60  Code  Lc  ble_db_discovery.o [1]
out_ble_index           0x200039b0    0x2  Data  Gb  main.o [1]
out_usb_index           0x200039aa    0x2  Data  Gb  main.o [1]
page_identify           0x00030e69   0x22  Code  Lc  fds.o [1]
page_offsets_update     0x00030ee7   0x1c  Code  Lc  fds.o [1]
page_scan               0x00030e8b   0x5c  Code  Lc  fds.o [1]
page_tag_write_data     0x00030f21    0xe  Code  Lc  fds.o [1]
page_tag_write_swap     0x00030f03   0x14  Code  Lc  fds.o [1]
pages_init              0x00031121   0xea  Code  Lc  fds.o [1]
pairing_success_evt_send
                        0x00033be9   0x22  Code  Lc  security_dispatcher.o [1]
params_reply_pending_handle
                        0x000326fb    0x4  Code  Lc  security_manager.o [1]
params_req_send         0x00032575   0x28  Code  Lc  security_manager.o [1]
pdb_evt_send            0x000333c7   0x1a  Code  Lc  peer_database.o [1]
pdb_init                0x000335b1   0x4c  Code  Gb  peer_database.o [1]
pdb_pds_evt_handler     0x0003354d   0x64  Code  Gb  peer_database.o [1]
pdb_peer_data_ptr_get   0x00033681    0x6  Code  Gb  peer_database.o [1]
pdb_peer_free           0x000335fd   0x76  Code  Gb  peer_database.o [1]
pdb_write_buf_get       0x00033687   0xba  Code  Gb  peer_database.o [1]
pdb_write_buf_release   0x00033763   0x14  Code  Gb  peer_database.o [1]
pdb_write_buf_store     0x00033777   0x34  Code  Gb  peer_database.o [1]
pds_evt_send            0x00031f2d    0xa  Code  Lc  peer_data_storage.o [1]
pds_init                0x0003211d   0x80  Code  Gb  peer_data_storage.o [1]
pds_next_deleted_peer_id_get
                        0x00032343    0x4  Code  Gb  peer_data_storage.o [1]
pds_next_peer_id_get    0x0003233f    0x4  Code  Gb  peer_data_storage.o [1]
pds_peer_data_iterate   0x00032215   0x50  Code  Gb  peer_data_storage.o [1]
pds_peer_data_iterate_prepare
                        0x0003220b    0xa  Code  Gb  peer_data_storage.o [1]
pds_peer_data_read      0x0003219d   0x6e  Code  Gb  peer_data_storage.o [1]
pds_peer_data_store     0x00032265   0x8e  Code  Gb  peer_data_storage.o [1]
pds_peer_id_allocate    0x0003231d    0x8  Code  Gb  peer_data_storage.o [1]
pds_peer_id_free        0x00032325   0x16  Code  Gb  peer_data_storage.o [1]
pds_peer_id_is_allocated
                        0x0003233b    0x4  Code  Gb  peer_data_storage.o [1]
peer_data_delete_process
                        0x00031f6f   0x92  Code  Lc  peer_data_storage.o [1]
peer_data_find          0x00032001   0x30  Code  Lc  peer_data_storage.o [1]
peer_data_id_is_valid   0x00031f4d   0x22  Code  Lc  peer_data_storage.o [1]
peer_data_point_to_buffer
                        0x000333e1   0x12  Code  Lc  peer_database.o [1]
peer_id_allocate        0x00035aab    0x4  Code  Gb  peer_id.o [1]
peer_id_delete          0x00035aaf   0x20  Code  Gb  peer_id.o [1]
peer_id_free            0x00035acf   0x18  Code  Gb  peer_id.o [1]
peer_id_get_next_deleted
                        0x00035b5d    0x4  Code  Gb  peer_id.o [1]
peer_id_get_next_used   0x00035b35   0x28  Code  Gb  peer_id.o [1]
peer_id_init            0x00035a5d    0x8  Code  Gb  peer_id.o [1]
peer_id_is_allocated    0x00035ae7   0x10  Code  Gb  peer_id.o [1]
peer_id_is_deleted      0x00035af7   0x10  Code  Gb  peer_id.o [1]
phy_is_valid            0x0002d775   0x14  Code  Lc  ble_advertising.o [1]
pin_in_use_by_gpiote    0x00036a81   0x10  Code  Lc  nrfx_gpiote.o [1]
pin_in_use_by_port      0x00036a6d   0x14  Code  Lc  nrfx_gpiote.o [1]
pin_in_use_by_te        0x00036a5b   0x12  Code  Lc  nrfx_gpiote.o [1]
pins_to_default         0x000364cb   0x62  Code  Lc  nrfx_uart.o [1]
pins_to_default         0x00036033   0x62  Code  Lc  nrfx_uarte.o [1]
pm_buffer_block_acquire
                        0x00035ba1   0x62  Code  Gb  pm_buffer.o [1]
pm_buffer_init          0x00035b71   0x30  Code  Gb  pm_buffer.o [1]
pm_buffer_ptr_get       0x00035c03   0x2c  Code  Gb  pm_buffer.o [1]
pm_buffer_release       0x00035c2f   0x30  Code  Gb  pm_buffer.o [1]
pm_conn_sec_status_get  0x0002c073   0x7e  Code  Gb  peer_manager.o [1]
pm_conn_secure          0x0002c059   0x1a  Code  Gb  peer_manager.o [1]
pm_evt_handler          0x00029513   0x24  Code  Lc  main.o [1]
pm_gcm_evt_handler      0x0002bf4f    0x2  Code  Gb  peer_manager.o [1]
pm_handler_disconnect_on_sec_failure
                        0x0002b103   0x42  Code  Gb  peer_manager_handler.o [1]
pm_handler_flash_clean  0x0002ae7d  0x154  Code  Gb  peer_manager_handler.o [1]
pm_handler_flash_clean_on_return
                        0x0002ae49   0x14  Code  Gb  peer_manager_handler.o [1]
pm_handler_on_pm_evt    0x0002ae07   0x42  Code  Gb  peer_manager_handler.o [1]
pm_handler_pm_evt_log   0x0002afdd  0x10e  Code  Gb  peer_manager_handler.o [1]
pm_im_evt_handler       0x0002bf51    0x2  Code  Gb  peer_manager.o [1]
pm_init                 0x0002bf73   0xb0  Code  Gb  peer_manager.o [1]
pm_pdb_evt_handler      0x0002be55   0xe2  Code  Gb  peer_manager.o [1]
pm_peer_delete          0x0002c0fb   0x10  Code  Gb  peer_manager.o [1]
pm_peer_rank_highest    0x0002c26d   0xca  Code  Gb  peer_manager.o [1]
pm_peer_ranks_get       0x0002c19b   0xcc  Code  Gb  peer_manager.o [1]
pm_peers_delete         0x0002c10b   0x72  Code  Gb  peer_manager.o [1]
pm_register             0x0002c023   0x24  Code  Gb  peer_manager.o [1]
pm_sec_params_set       0x0002c047   0x12  Code  Gb  peer_manager.o [1]
pm_sm_evt_handler       0x0002bf45    0xa  Code  Gb  peer_manager.o [1]
postfix_process         0x00036f2b   0x32  Code  Lc  nrf_log_str_formatter.o [1]
prefix_process          0x00036ec9   0x62  Code  Lc  nrf_log_str_formatter.o [1]
pwr_mgmt_data           0x0002f728    0xc  Data  Lc  nrf_pwr_mgmt.o [1]
pwr_mgmt_data0$$Base    0x00000000          --   Gb  - Linker created -
pwr_mgmt_data0$$Limit   0x00000000          --   Gb  - Linker created -
pwr_mgmt_data1$$Base    0x00000000          --   Gb  - Linker created -
pwr_mgmt_data1$$Limit   0x00000000          --   Gb  - Linker created -
pwr_mgmt_data2$$Base    0x00000000          --   Gb  - Linker created -
pwr_mgmt_data2$$Limit   0x00000000          --   Gb  - Linker created -
pwr_mgmt_data_array     0x0003823c   0x18  Data  Lc  nrf_pwr_mgmt.o [1]
queue_buf_get           0x000310ff   0x18  Code  Lc  fds.o [1]
queue_buf_store         0x00031117    0xa  Code  Lc  fds.o [1]
queue_process           0x00031565  0x18e  Code  Lc  fds.o [1]
queue_process           0x000378dd   0x96  Code  Lc  nrf_fstorage_sd.o [1]
queue_start             0x0003170f   0x1a  Code  Lc  fds.o [1]
queue_start             0x00037973   0x1c  Code  Lc  nrf_fstorage_sd.o [1]
rank_highest            0x0002ae5d   0x18  Code  Lc  peer_manager_handler.o [1]
rank_vars_update        0x0002be31   0x22  Code  Lc  peer_manager.o [1]
read                    0x00037a0d    0xe  Code  Lc  nrf_fstorage_sd.o [1]
reattempt_previous_operations
                        0x000334c9   0x84  Code  Lc  peer_database.o [1]
record_find             0x00031079   0x7a  Code  Lc  fds.o [1]
record_find_by_desc     0x00030fe3   0x96  Code  Lc  fds.o [1]
record_find_next        0x00030f9d   0x46  Code  Lc  fds.o [1]
record_header_flag_dirty
                        0x0003120b   0x32  Code  Lc  fds.o [1]
registered_handler_get  0x0002ccb5   0x30  Code  Lc  ble_db_discovery.o [1]
release                 0x00035a9b   0x10  Code  Lc  peer_id.o [1]
rmap                    0x00037a67    0x4  Code  Lc  nrf_fstorage_sd.o [1]
rsc_measurement_encode  0x0002c9f1   0x76  Code  Lc  ble_rscs.o [1]
rscs_c_evt_handler      0x0002963f   0xbc  Code  Lc  main.o [1]
rtc1_stop               0x0002e37f   0x3a  Code  Lc  app_timer.o [1]
rx_byte                 0x000366a1   0x32  Code  Lc  nrfx_uart.o [1]
rx_done_event           0x000366d3   0x18  Code  Lc  nrfx_uart.o [1]
rx_done_event           0x000361bd   0x1e  Code  Lc  nrfx_uarte.o [1]
sc_send_pending_handle  0x00032c0b   0xa6  Code  Lc  gatt_cache_manager.o [1]
scan_evt_handler        0x000294b9   0x1c  Code  Lc  main.o [1]
scan_start              0x000294d5   0x18  Code  Lc  main.o [1]
sd_state_evt_handler    0x0002f8c5   0x3c  Code  Lc  nrf_drv_clock.o [1]
sdh_ble_observers       0x0002ff40    0xc  Data  Lc  nrf_sdh_ble.o [1]
sdh_ble_observers0$$Base
                        0x00038534          --   Gb  - Linker created -
sdh_ble_observers0$$Limit
                        0x0003853c          --   Gb  - Linker created -
sdh_ble_observers1$$Base
                        0x00038130          --   Gb  - Linker created -
sdh_ble_observers1$$Limit
                        0x00038170          --   Gb  - Linker created -
sdh_ble_observers2$$Base
                        0x00038360          --   Gb  - Linker created -
sdh_ble_observers2$$Limit
                        0x00038378          --   Gb  - Linker created -
sdh_ble_observers3$$Base
                        0x0003853c          --   Gb  - Linker created -
sdh_ble_observers3$$Limit
                        0x00038544          --   Gb  - Linker created -
sdh_ble_observers_array
                        0x000381e8   0x20  Data  Lc  nrf_sdh_ble.o [1]
sdh_req_observers       0x0002fb0c    0xc  Data  Lc  nrf_sdh.o [1]
sdh_req_observers0$$Base
                        0x00038544          --   Gb  - Linker created -
sdh_req_observers0$$Limit
                        0x0003854c          --   Gb  - Linker created -
sdh_req_observers1$$Base
                        0x00000000          --   Gb  - Linker created -
sdh_req_observers1$$Limit
                        0x00000000          --   Gb  - Linker created -
sdh_req_observers_array
                        0x00038178   0x10  Data  Lc  nrf_sdh.o [1]
sdh_request_observer_notify
                        0x0002f92f   0x32  Code  Lc  nrf_sdh.o [1]
sdh_soc_observers       0x000380e4    0xc  Data  Lc  nrf_sdh_soc.o [1]
sdh_soc_observers0$$Base
                        0x00038378          --   Gb  - Linker created -
sdh_soc_observers0$$Limit
                        0x00038390          --   Gb  - Linker created -
sdh_soc_observers1$$Base
                        0x0003854c          --   Gb  - Linker created -
sdh_soc_observers1$$Limit
                        0x00038554          --   Gb  - Linker created -
sdh_soc_observers_array
                        0x00038310   0x10  Data  Lc  nrf_sdh_soc.o [1]
sdh_stack_observers     0x0002fb24    0xc  Data  Lc  nrf_sdh.o [1]
sdh_stack_observers0$$Base
                        0x00038490          --   Gb  - Linker created -
sdh_stack_observers0$$Limit
                        0x000384a0          --   Gb  - Linker created -
sdh_stack_observers1$$Base
                        0x00000000          --   Gb  - Linker created -
sdh_stack_observers1$$Limit
                        0x00000000          --   Gb  - Linker created -
sdh_stack_observers_array
                        0x00038198   0x10  Data  Lc  nrf_sdh.o [1]
sdh_state_observer_notify
                        0x0002f961   0x28  Code  Lc  nrf_sdh.o [1]
sdh_state_observers     0x0002fb18    0xc  Data  Lc  nrf_sdh.o [1]
sdh_state_observers0$$Base
                        0x00038390          --   Gb  - Linker created -
sdh_state_observers0$$Limit
                        0x000383a8          --   Gb  - Linker created -
sdh_state_observers1$$Base
                        0x00000000          --   Gb  - Linker created -
sdh_state_observers1$$Limit
                        0x00000000          --   Gb  - Linker created -
sdh_state_observers_array
                        0x00038188   0x10  Data  Lc  nrf_sdh.o [1]
sec_info_request_process
                        0x00033b27   0xa2  Code  Lc  security_dispatcher.o [1]
sec_keyset_fill         0x00033db1   0x9c  Code  Lc  security_dispatcher.o [1]
sec_params_verify       0x000327b5   0x74  Code  Lc  security_manager.o [1]
sec_proc_start          0x00033ad3   0x54  Code  Lc  security_dispatcher.o [1]
send_config_req         0x00033bc9   0x20  Code  Lc  security_dispatcher.o [1]
send_error_evt          0x000303a5    0xc  Code  Lc  ble_conn_params.o [1]
send_unexpected_error   0x00032a8f   0x20  Code  Lc  gatt_cache_manager.o [1]
send_unexpected_error   0x000339eb   0x1a  Code  Lc  security_dispatcher.o [1]
serial_tx               0x0003554f   0x36  Code  Lc  nrf_log_backend_uart.o [1]
service_changed_pending_set
                        0x00034545   0x34  Code  Lc  gatts_cache_manager.o [1]
service_data_encode     0x00030939   0x80  Code  Lc  ble_advdata.o [1]
services_init           0x000299e9   0x92  Code  Lc  main.o [1]
set_security_req        0x000348bd   0x2a  Code  Lc  ble_srv_common.o [1]
setup_data_handler_empty
                        0x00034e8b    0x4  Code  Lc  app_usbd_core.o [1]
setup_device_req_get_descriptor
                        0x00034fbb  0x102  Code  Lc  app_usbd_core.o [1]
setup_device_req_get_status
                        0x00034f83   0x38  Code  Lc  app_usbd_core.o [1]
setup_device_req_std_handler
                        0x000350bd   0xcc  Code  Lc  app_usbd_core.o [1]
setup_event_handler     0x0002e9d9   0x86  Code  Lc  app_usbd_cdc_acm.o [1]
setup_req_class_out     0x0002e909   0xd0  Code  Lc  app_usbd_cdc_acm.o [1]
severity_names          0x200039f4   0x14  Data  Lc  nrf_log_str_formatter.o [1]
sm_ble_evt_handler      0x00032795    0xc  Code  Gb  security_manager.o [1]
sm_init                 0x0003274d   0x48  Code  Gb  security_manager.o [1]
sm_link_secure          0x0003286d    0x8  Code  Gb  security_manager.o [1]
sm_pdb_evt_handler      0x00032723   0x18  Code  Gb  security_manager.o [1]
sm_sec_params_set       0x00032829   0x2c  Code  Gb  security_manager.o [1]
sm_smd_evt_handler      0x000326ad   0x4e  Code  Gb  security_manager.o [1]
smd_ble_evt_handler     0x00034021   0xf8  Code  Gb  security_dispatcher.o [1]
smd_init                0x00033d59   0x58  Code  Gb  security_dispatcher.o [1]
smd_link_secure         0x00033fa1   0x80  Code  Gb  security_dispatcher.o [1]
smd_params_reply        0x00033e61   0xa2  Code  Gb  security_dispatcher.o [1]
smd_params_reply_perform
                        0x00032673   0x3a  Code  Lc  security_manager.o [1]
snprintf                0x000357f5   0x44  Code  Gb  snprintf.o [3]
soc_evt_handler         0x0002f8b7    0xe  Code  Lc  nrf_drv_clock.o [1]
softdevice_evt_irq_disable
                        0x0002f9cb   0x28  Code  Lc  nrf_sdh.o [1]
softdevices_evt_irq_enable
                        0x0002f989   0x42  Code  Lc  nrf_sdh.o [1]
sprintf                 0x0002f235   0x34  Code  Gb  sprintf.o [3]
std_header_set          0x0002b7b3   0x4a  Code  Lc  nrf_log_frontend.o [1]
std_n                   0x0002b87f   0x5e  Code  Lc  nrf_log_frontend.o [1]
store_car_value         0x00032e35   0x4a  Code  Gb  gatt_cache_manager.o [1]
strchr                  0x00028805         Code  Gb  strchr.o [5]
strlen                  0x0002881d         Code  Gb  strlen.o [5]
sustate_set             0x0002dc2d   0x76  Code  Lc  app_usbd.o [1]
timer_list_handler      0x0002e5a7   0xa2  Code  Lc  app_timer.o [1]
timer_stop_op_schedule  0x0002e677   0x42  Code  Lc  app_timer.o [1]
tx_buffer_process       0x0002bc0b   0x2a  Code  Lc  ble_hrs_c.o [1]
tx_buffer_process       0x0002c773   0x36  Code  Lc  ble_rscs_c.o [1]
tx_byte                 0x000365d3   0x20  Code  Lc  nrfx_uart.o [1]
tx_done_event           0x000366eb   0x1c  Code  Lc  nrfx_uart.o [1]
uart_evt_handler        0x00035e01    0xa  Code  Lc  nrf_drv_uart.o [1]
uart_evt_handler        0x000354fd    0x8  Code  Lc  nrf_log_backend_uart.o [1]
uart_init               0x00035505   0x46  Code  Lc  nrf_log_backend_uart.o [1]
uart_irq_handler        0x0003670d  0x11c  Code  Lc  nrfx_uart.o [1]
uart_log_backend        0x00038480   0x10  Data  Lc  nrf_log_default_backends.o [1]
uarte_evt_handler       0x00035df5    0xc  Code  Lc  nrf_drv_uart.o [1]
uarte_irq_handler       0x000361f9   0xe4  Code  Lc  nrfx_uarte.o [1]
uint16_decode           0x0002bc01    0xa  Code  Lc  ble_hrs_c.o [1]
uint16_decode           0x0002c769    0xa  Code  Lc  ble_rscs_c.o [1]
uint16_decode           0x000348a5    0xa  Code  Lc  ble_srv_common.o [1]
uint16_encode           0x0003066f    0xa  Code  Lc  ble_advdata.o [1]
uint16_encode           0x0002c551    0xa  Code  Lc  ble_hrs.o [1]
uint16_encode           0x0002c991    0xa  Code  Lc  ble_rscs.o [1]
uninit                  0x000379bb   0x18  Code  Lc  nrf_fstorage_sd.o [1]
unsigned_print          0x00037155   0x9a  Code  Lc  nrf_fprintf_format.o [1]
update_pending_flags_check
                        0x00032d0b   0x1a  Code  Lc  gatt_cache_manager.o [1]
update_timeout_handler  0x000303b1   0x62  Code  Lc  ble_conn_params.o [1]
usbReadyToSend          0x20003990    0x1  Data  Gb  main.o [1]
usb_buffer_length       0x200039ac    0x2  Data  Gb  main.o [1]
usbd_core_state_set     0x00034e69   0x22  Code  Lc  app_usbd_core.o [1]
usbd_descriptor_conf_feeder
                        0x00034e8f   0xe8  Code  Lc  app_usbd_core.o [1]
usbd_descriptor_feeder_desc
                        0x000354f4    0x8  Data  Lc  app_usbd_core.o [1]
usbd_dma_scheduler_algorithm
                        0x00026985    0xa  Code  Lc  nrf_drv_usbd.o [1]
usbd_dma_start          0x00026453   0x14  Code  Lc  nrf_drv_usbd.o [1]
usbd_dmareq_process     0x0002698f  0x156  Code  Lc  nrf_drv_usbd.o [1]
usbd_ep_abort           0x0002646d   0xee  Code  Lc  nrf_drv_usbd.o [1]
usbd_ep_abort_all       0x00026569   0x42  Code  Lc  nrf_drv_usbd.o [1]
usbd_ep_data_handler    0x00026819   0x38  Code  Lc  nrf_drv_usbd.o [1]
usbd_user_ev_handler    0x00029a7b   0x8e  Code  Gb  main.o [1]
use_whitelist           0x0002d64d   0x14  Code  Lc  ble_advertising.o [1]
user_event_handler      0x0002da31    0xe  Code  Lc  app_usbd.o [1]
user_event_handler      0x0002e89b    0xa  Code  Lc  app_usbd_cdc_acm.o [1]
user_event_state_proc   0x0002da3f    0xe  Code  Lc  app_usbd.o [1]
user_flag_is_acquired   0x0002d3eb    0x8  Code  Lc  ble_conn_state.o [1]
user_mem_reply          0x0002cbd5   0x1e  Code  Lc  nrf_ble_qwr.o [1]
user_op_alloc           0x0002e64f   0x28  Code  Lc  app_timer.o [1]
user_op_enque           0x0002e649    0x6  Code  Lc  app_timer.o [1]
uuid_list_encode        0x00030821   0x2e  Code  Lc  ble_advdata.o [1]
uuid_list_sized_encode  0x00030775   0xac  Code  Lc  ble_advdata.o [1]
version_name            0x20003094    0xc  Data  Gb  main.o [1]
wmap                    0x00037a6b    0x4  Code  Lc  nrf_fstorage_sd.o [1]
write                   0x000379d3   0x3a  Code  Lc  nrf_fstorage_sd.o [1]
write_buf_store         0x000333f3   0xd6  Code  Gb  peer_database.o [1]
write_buffer_record_find
                        0x00033371   0x30  Code  Lc  peer_database.o [1]
write_buffer_record_find_next
                        0x0003334d   0x24  Code  Lc  peer_database.o [1]
write_buffer_record_invalidate
                        0x00033331   0x1c  Code  Lc  peer_database.o [1]
write_buffer_record_release
                        0x000333a1   0x26  Code  Lc  peer_database.o [1]
write_enqueue           0x0003172d   0xcc  Code  Lc  fds.o [1]
write_execute           0x000313d9   0xea  Code  Lc  fds.o [1]
write_space_free        0x00030f89   0x14  Code  Lc  fds.o [1]
write_space_reserve     0x00030f41   0x48  Code  Lc  fds.o [1]


[1] = D:\work\_NordicPRJ_00\IAR_prj\UsbLeBridge\_build
[2] = command line
[3] = dl7M_tlf.a
[4] = m7M_tls.a
[5] = rt7M_tl.a
[6] = shb_l.a

  72 532 bytes of readonly  code memory
   2 885 bytes of readonly  data memory
  27 959 bytes of readwrite data memory

Errors: none
Warnings: none
